Component: ARM Compiler 5.06 update 5 (build 528) Tool: armlink [4d35e2]

==============================================================================

Section Cross References

    startup_stm32f10x_md.o(STACK) refers (Special) to heapauxi.o(.text) for __use_two_region_memory
    startup_stm32f10x_md.o(HEAP) refers (Special) to heapauxi.o(.text) for __use_two_region_memory
    startup_stm32f10x_md.o(RESET) refers (Special) to heapauxi.o(.text) for __use_two_region_memory
    startup_stm32f10x_md.o(RESET) refers to startup_stm32f10x_md.o(STACK) for __initial_sp
    startup_stm32f10x_md.o(RESET) refers to startup_stm32f10x_md.o(.text) for Reset_Handler
    startup_stm32f10x_md.o(RESET) refers to stm32f10x_it.o(i.NMI_Handler) for NMI_Handler
    startup_stm32f10x_md.o(RESET) refers to stm32f10x_it.o(i.HardFault_Handler) for HardFault_Handler
    startup_stm32f10x_md.o(RESET) refers to stm32f10x_it.o(i.MemManage_Handler) for MemManage_Handler
    startup_stm32f10x_md.o(RESET) refers to stm32f10x_it.o(i.BusFault_Handler) for BusFault_Handler
    startup_stm32f10x_md.o(RESET) refers to stm32f10x_it.o(i.UsageFault_Handler) for UsageFault_Handler
    startup_stm32f10x_md.o(RESET) refers to port.o(.emb_text) for SVC_Handler
    startup_stm32f10x_md.o(RESET) refers to stm32f10x_it.o(i.DebugMon_Handler) for DebugMon_Handler
    startup_stm32f10x_md.o(RESET) refers to port.o(i.SysTick_Handler) for SysTick_Handler
    startup_stm32f10x_md.o(.text) refers (Special) to heapauxi.o(.text) for __use_two_region_memory
    startup_stm32f10x_md.o(.text) refers to system_stm32f10x.o(i.SystemInit) for SystemInit
    startup_stm32f10x_md.o(.text) refers to __main.o(!!!main) for __main
    startup_stm32f10x_md.o(.text) refers to startup_stm32f10x_md.o(HEAP) for Heap_Mem
    startup_stm32f10x_md.o(.text) refers to startup_stm32f10x_md.o(STACK) for Stack_Mem
    system_stm32f10x.o(i.SetSysClock) refers to system_stm32f10x.o(i.SetSysClockTo72) for SetSysClockTo72
    system_stm32f10x.o(i.SystemCoreClockUpdate) refers to system_stm32f10x.o(.data) for SystemCoreClock
    system_stm32f10x.o(i.SystemInit) refers to system_stm32f10x.o(i.SetSysClock) for SetSysClock
    stm32f10x_adc.o(i.ADC_DeInit) refers to stm32f10x_rcc.o(i.RCC_APB2PeriphResetCmd) for RCC_APB2PeriphResetCmd
    stm32f10x_bkp.o(i.BKP_DeInit) refers to stm32f10x_rcc.o(i.RCC_BackupResetCmd) for RCC_BackupResetCmd
    stm32f10x_can.o(i.CAN_DeInit) refers to stm32f10x_rcc.o(i.RCC_APB1PeriphResetCmd) for RCC_APB1PeriphResetCmd
    stm32f10x_can.o(i.CAN_GetITStatus) refers to stm32f10x_can.o(i.CheckITStatus) for CheckITStatus
    stm32f10x_cec.o(i.CEC_DeInit) refers to stm32f10x_rcc.o(i.RCC_APB1PeriphResetCmd) for RCC_APB1PeriphResetCmd
    stm32f10x_dac.o(i.DAC_DeInit) refers to stm32f10x_rcc.o(i.RCC_APB1PeriphResetCmd) for RCC_APB1PeriphResetCmd
    stm32f10x_flash.o(i.FLASH_EnableWriteProtection) refers to stm32f10x_flash.o(i.FLASH_WaitForLastOperation) for FLASH_WaitForLastOperation
    stm32f10x_flash.o(i.FLASH_EraseAllBank1Pages) refers to stm32f10x_flash.o(i.FLASH_WaitForLastBank1Operation) for FLASH_WaitForLastBank1Operation
    stm32f10x_flash.o(i.FLASH_EraseAllPages) refers to stm32f10x_flash.o(i.FLASH_WaitForLastOperation) for FLASH_WaitForLastOperation
    stm32f10x_flash.o(i.FLASH_EraseOptionBytes) refers to stm32f10x_flash.o(i.FLASH_GetReadOutProtectionStatus) for FLASH_GetReadOutProtectionStatus
    stm32f10x_flash.o(i.FLASH_EraseOptionBytes) refers to stm32f10x_flash.o(i.FLASH_WaitForLastOperation) for FLASH_WaitForLastOperation
    stm32f10x_flash.o(i.FLASH_ErasePage) refers to stm32f10x_flash.o(i.FLASH_WaitForLastOperation) for FLASH_WaitForLastOperation
    stm32f10x_flash.o(i.FLASH_ProgramHalfWord) refers to stm32f10x_flash.o(i.FLASH_WaitForLastOperation) for FLASH_WaitForLastOperation
    stm32f10x_flash.o(i.FLASH_ProgramOptionByteData) refers to stm32f10x_flash.o(i.FLASH_WaitForLastOperation) for FLASH_WaitForLastOperation
    stm32f10x_flash.o(i.FLASH_ProgramWord) refers to stm32f10x_flash.o(i.FLASH_WaitForLastOperation) for FLASH_WaitForLastOperation
    stm32f10x_flash.o(i.FLASH_ReadOutProtection) refers to stm32f10x_flash.o(i.FLASH_WaitForLastOperation) for FLASH_WaitForLastOperation
    stm32f10x_flash.o(i.FLASH_UserOptionByteConfig) refers to stm32f10x_flash.o(i.FLASH_WaitForLastOperation) for FLASH_WaitForLastOperation
    stm32f10x_flash.o(i.FLASH_WaitForLastBank1Operation) refers to stm32f10x_flash.o(i.FLASH_GetBank1Status) for FLASH_GetBank1Status
    stm32f10x_flash.o(i.FLASH_WaitForLastOperation) refers to stm32f10x_flash.o(i.FLASH_GetBank1Status) for FLASH_GetBank1Status
    stm32f10x_gpio.o(i.GPIO_AFIODeInit) refers to stm32f10x_rcc.o(i.RCC_APB2PeriphResetCmd) for RCC_APB2PeriphResetCmd
    stm32f10x_gpio.o(i.GPIO_DeInit) refers to stm32f10x_rcc.o(i.RCC_APB2PeriphResetCmd) for RCC_APB2PeriphResetCmd
    stm32f10x_i2c.o(i.I2C_DeInit) refers to stm32f10x_rcc.o(i.RCC_APB1PeriphResetCmd) for RCC_APB1PeriphResetCmd
[...]
    _printf_string                           0x080015dd   Thumb Code     8  _printf_char.o(.text)
    _printf_lcs_common                       0x080015e5   Thumb Code    20  _printf_wchar.o(.text)
    _printf_wchar                            0x080015f9   Thumb Code    16  _printf_wchar.o(.text)
    _printf_wstring                          0x08001609   Thumb Code     8  _printf_wchar.o(.text)
    _wcrtomb                                 0x08001611   Thumb Code    64  _wcrtomb.o(.text)
    __aeabi_memclr4                          0x08001651   Thumb Code     0  rt_memclr_w.o(.text)
    __aeabi_memclr8                          0x08001651   Thumb Code     0  rt_memclr_w.o(.text)
    __rt_memclr_w                            0x08001651   Thumb Code    78  rt_memclr_w.o(.text)
    _memset_w                                0x08001655   Thumb Code     0  rt_memclr_w.o(.text)
    __user_libspace                          0x080016a1   Thumb Code     8  libspace.o(.text)
    __user_perproc_libspace                  0x080016a1   Thumb Code     0  libspace.o(.text)
    __user_perthread_libspace                0x080016a1   Thumb Code     0  libspace.o(.text)
    __user_setup_stackheap                   0x080016a9   Thumb Code    74  sys_stackheap_outer.o(.text)
    __rt_ctype_table                         0x080016f5   Thumb Code    16  rt_ctype_table.o(.text)
    __rt_locale                              0x08001705   Thumb Code     8  rt_locale_intlibspace.o(.text)
    _printf_fp_infnan                        0x0800170d   Thumb Code   112  _printf_fp_infnan.o(.text)
    _btod_etento                             0x0800178d   Thumb Code   224  bigflt0.o(.text)
    exit                                     0x08001871   Thumb Code    18  exit.o(.text)
    __I$use$semihosting                      0x08001883   Thumb Code     0  use_no_semi.o(.text)
    __use_no_semihosting_swi                 0x08001883   Thumb Code     2  use_no_semi.o(.text)
    __semihosting_library_function           0x08001885   Thumb Code     0  indicate_semi.o(.text)
    _sys_exit                                0x08001885   Thumb Code     8  sys_exit.o(.text)
    _btod_d2e                                0x08001891   Thumb Code    62  btod.o(CL$$btod_d2e)
    _d2e_denorm_low                          0x080018cf   Thumb Code    70  btod.o(CL$$btod_d2e_denorm_low)
    _d2e_norm_op1                            0x08001915   Thumb Code    96  btod.o(CL$$btod_d2e_norm_op1)
    __btod_div_common                        0x08001975   Thumb Code   696  btod.o(CL$$btod_div_common)
    _e2e                                     0x08001cad   Thumb Code   220  btod.o(CL$$btod_e2e)
    _btod_ediv                               0x08001d89   Thumb Code    42  btod.o(CL$$btod_ediv)
    _btod_emul                               0x08001db3   Thumb Code    42  btod.o(CL$$btod_emul)
    __btod_mult_common                       0x08001ddd   Thumb Code   580  btod.o(CL$$btod_mult_common)
    ADC_Cmd                                  0x08002021   Thumb Code    22  stm32f10x_adc.o(i.ADC_Cmd)
    ADC_GetCalibrationStatus                 0x08002037   Thumb Code    20  stm32f10x_adc.o(i.ADC_GetCalibrationStatus)
    ADC_GetConversionValue                   0x0800204b   Thumb Code     8  stm32f10x_adc.o(i.ADC_GetConversionValue)
    ADC_GetFlagStatus                        0x08002053   Thumb Code    18  stm32f10x_adc.o(i.ADC_GetFlagStatus)
    ADC_GetResetCalibrationStatus            0x08002065   Thumb Code    20  stm32f10x_adc.o(i.ADC_GetResetCalibrationStatus)
    ADC_Init                                 0x08002079   Thumb Code    70  stm32f10x_adc.o(i.ADC_Init)
    ADC_RegularChannelConfig                 0x080020c9   Thumb Code   184  stm32f10x_adc.o(i.ADC_RegularChannelConfig)
    ADC_ResetCalibration                     0x08002181   Thumb Code    10  stm32f10x_adc.o(i.ADC_ResetCalibration)
    ADC_SoftwareStartConvCmd                 0x0800218b   Thumb Code    22  stm32f10x_adc.o(i.ADC_SoftwareStartConvCmd)
    ADC_StartCalibration                     0x080021a1   Thumb Code    10  stm32f10x_adc.o(i.ADC_StartCalibration)
    AD_GetValue                              0x080021ad   Thumb Code    32  ad.o(i.AD_GetValue)
    AD_Init                                  0x080021d1   Thumb Code   150  ad.o(i.AD_Init)
    AppTasks_Create                          0x08002289   Thumb Code   100  apptasks.o(i.AppTasks_Create)
    BKP_ReadBackupRegister                   0x08002349   Thumb Code    24  stm32f10x_bkp.o(i.BKP_ReadBackupRegister)
    BKP_WriteBackupRegister                  0x08002365   Thumb Code    22  stm32f10x_bkp.o(i.BKP_WriteBackupRegister)
    BusFault_Handler                         0x08002381   Thumb Code     4  stm32f10x_it.o(i.BusFault_Handler)
    Change_RTC_Time                          0x08002385   Thumb Code    46  settime.o(i.Change_RTC_Time)
    DebugMon_Handler                         0x080023b9   Thumb Code     2  stm32f10x_it.o(i.DebugMon_Handler)
    Delay_Init                               0x080023bd   Thumb Code    30  delay.o(i.Delay_Init)
    Delay_ms                                 0x080023e5   Thumb Code    56  delay.o(i.Delay_ms)
    Delay_s                                  0x0800241d   Thumb Code    22  delay.o(i.Delay_s)
    Delay_us                                 0x08002435   Thumb Code    50  delay.o(i.Delay_us)
    DinoGame_Animation                       0x08002475   Thumb Code    54  dino.o(i.DinoGame_Animation)
    DinoGame_Pos_Init                        0x080024b5   Thumb Code    24  dino.o(i.DinoGame_Pos_Init)
    Dino_Tick                                0x080024e1   Thumb Code   190  dino.o(i.Dino_Tick)
    Emoji                                    0x080025c5   Thumb Code    52  menu.o(i.Emoji)
    Encoder_GetKeyNum                        0x08002631   Thumb Code    64  encoder.o(i.Encoder_GetKeyNum)
    Encoder_Init                             0x08002675   Thumb Code   104  encoder.o(i.Encoder_Init)
    Encoder_IsReady                          0x080026f5   Thumb Code    14  encoder.o(i.Encoder_IsReady)
    Encoder_Poll                             0x08002709   Thumb Code    70  encoder.o(i.Encoder_Poll)
    First_Page_Clock                         0x08002805   Thumb Code   160  menu.o(i.First_Page_Clock)
    GPIO_Init                                0x080028ad   Thumb Code   278  stm32f10x_gpio.o(i.GPIO_Init)
    GPIO_PinRemapConfig                      0x080029c5   Thumb Code   138  stm32f10x_gpio.o(i.GPIO_PinRemapConfig)
    GPIO_ReadInputDataBit                    0x08002a55   Thumb Code    18  stm32f10x_gpio.o(i.GPIO_ReadInputDataBit)
    GPIO_ResetBits                           0x08002a67   Thumb Code     4  stm32f10x_gpio.o(i.GPIO_ResetBits)
    GPIO_SetBits                             0x08002a6b   Thumb Code     4  stm32f10x_gpio.o(i.GPIO_SetBits)
    GPIO_WriteBit                            0x08002a6f   Thumb Code    10  stm32f10x_gpio.o(i.GPIO_WriteBit)
    Game                                     0x08002a79   Thumb Code   186  menu.o(i.Game)
    Gradienter                               0x08002b3d   Thumb Code    46  menu.o(i.Gradienter)
    HardFault_Handler                        0x08002b71   Thumb Code     4  stm32f10x_it.o(i.HardFault_Handler)
    LED                                      0x08002b75   Thumb Code   204  menu.o(i.LED)
    LED_Init                                 0x08002c49   Thumb Code    48  led.o(i.LED_Init)
    LED_OFF                                  0x08002c7d   Thumb Code    14  led.o(i.LED_OFF)
    LED_ON                                   0x08002c91   Thumb Code    14  led.o(i.LED_ON)
    MPU6050                                  0x08002ca5   Thumb Code    62  menu.o(i.MPU6050)
    MPU6050_Calculation                      0x08002ce9   Thumb Code   402  menu.o(i.MPU6050_Calculation)
    MPU6050_GetData                          0x08002ec5   Thumb Code   172  mpu6050.o(i.MPU6050_GetData)
    MPU6050_Init                             0x08002f71   Thumb Code    56  mpu6050.o(i.MPU6050_Init)
    MPU6050_ReadReg                          0x08002fa9   Thumb Code    62  mpu6050.o(i.MPU6050_ReadReg)
    MPU6050_WriteReg                         0x08002fe7   Thumb Code    46  mpu6050.o(i.MPU6050_WriteReg)
    MemManage_Handler                        0x08003015   Thumb Code     4  stm32f10x_it.o(i.MemManage_Handler)
    Menu                                     0x08003019   Thumb Code   312  menu.o(i.Menu)
    MenuToFunction                           0x0800315d   Thumb Code   132  menu.o(i.MenuToFunction)
    Menu_Animation                           0x080031ed   Thumb Code   304  menu.o(i.Menu_Animation)
    MyI2C_Init                               0x08003339   Thumb Code    50  myi2c.o(i.MyI2C_Init)
    MyI2C_R_SDA                              0x08003371   Thumb Code    24  myi2c.o(i.MyI2C_R_SDA)
    MyI2C_ReceiveAck                         0x0800338d   Thumb Code    30  myi2c.o(i.MyI2C_ReceiveAck)
    MyI2C_ReceiveByte                        0x080033ab   Thumb Code    50  myi2c.o(i.MyI2C_ReceiveByte)
    MyI2C_SendAck                            0x080033dd   Thumb Code    24  myi2c.o(i.MyI2C_SendAck)
    MyI2C_SendByte                           0x080033f5   Thumb Code    50  myi2c.o(i.MyI2C_SendByte)
    MyI2C_Start                              0x08003427   Thumb Code    28  myi2c.o(i.MyI2C_Start)
    MyI2C_Stop                               0x08003443   Thumb Code    22  myi2c.o(i.MyI2C_Stop)
    MyI2C_W_SCL                              0x08003459   Thumb Code    24  myi2c.o(i.MyI2C_W_SCL)
    MyI2C_W_SDA                              0x08003475   Thumb Code    24  myi2c.o(i.MyI2C_W_SDA)
    MyRTC_Init                               0x08003491   Thumb Code   114  myrtc.o(i.MyRTC_Init)
    MyRTC_ReadTime                           0x08003505   Thumb Code    68  myrtc.o(i.MyRTC_ReadTime)
    MyRTC_SetTime                            0x0800354d   Thumb Code    70  myrtc.o(i.MyRTC_SetTime)
    NMI_Handler                              0x08003599   Thumb Code     2  stm32f10x_it.o(i.NMI_Handler)
    NVIC_PriorityGroupConfig                 0x0800359d   Thumb Code    10  misc.o(i.NVIC_PriorityGroupConfig)
    OLED_Clear                               0x080035b1   Thumb Code    36  oled.o(i.OLED_Clear)
    OLED_ClearArea                           0x080035d9   Thumb Code   140  oled.o(i.OLED_ClearArea)
    OLED_DrawCircle                          0x08003669   Thumb Code   352  oled.o(i.OLED_DrawCircle)
    OLED_DrawEllipse                         0x080037c9   Thumb Code   806  oled.o(i.OLED_DrawEllipse)
    OLED_DrawPoint                           0x08003af5   Thumb Code    76  oled.o(i.OLED_DrawPoint)
    OLED_GPIO_Init                           0x08003b45   Thumb Code    92  oled.o(i.OLED_GPIO_Init)
    OLED_I2C_SendByte                        0x08003ba5   Thumb Code    62  oled.o(i.OLED_I2C_SendByte)
    OLED_I2C_Start                           0x08003be3   Thumb Code    28  oled.o(i.OLED_I2C_Start)
    OLED_I2C_Stop                            0x08003bff   Thumb Code    22  oled.o(i.OLED_I2C_Stop)
    OLED_Init                                0x08003c15   Thumb Code   154  oled.o(i.OLED_Init)
    OLED_Pow                                 0x08003caf   Thumb Code    20  oled.o(i.OLED_Pow)
    OLED_Printf                              0x08003cc3   Thumb Code    50  oled.o(i.OLED_Printf)
    OLED_ReverseArea                         0x08003cf5   Thumb Code   140  oled.o(i.OLED_ReverseArea)
    OLED_SetCursor                           0x08003d85   Thumb Code    38  oled.o(i.OLED_SetCursor)
    OLED_ShowChar                            0x08003dad   Thumb Code   108  oled.o(i.OLED_ShowChar)
    OLED_ShowImage                           0x08003e25   Thumb Code   248  oled.o(i.OLED_ShowImage)
    OLED_ShowNum                             0x08003f21   Thumb Code    76  oled.o(i.OLED_ShowNum)
    OLED_ShowString                          0x08003f6d   Thumb Code   262  oled.o(i.OLED_ShowString)
    OLED_Update                              0x0800407d   Thumb Code    36  oled.o(i.OLED_Update)
    OLED_W_SCL                               0x080040a5   Thumb Code    18  oled.o(i.OLED_W_SCL)
    OLED_W_SDA                               0x080040bd   Thumb Code    18  oled.o(i.OLED_W_SDA)
    OLED_WriteCommand                        0x080040d5   Thumb Code    32  oled.o(i.OLED_WriteCommand)
    OLED_WriteData                           0x080040f5   Thumb Code    46  oled.o(i.OLED_WriteData)
    PWR_BackupAccessCmd                      0x08004125   Thumb Code     6  stm32f10x_pwr.o(i.PWR_BackupAccessCmd)
    Peripheral_Init                          0x08004131   Thumb Code    24  menu.o(i.Peripheral_Init)
    RCC_ADCCLKConfig                         0x08004149   Thumb Code    18  stm32f10x_rcc.o(i.RCC_ADCCLKConfig)
    RCC_APB1PeriphClockCmd                   0x08004161   Thumb Code    26  stm32f10x_rcc.o(i.RCC_APB1PeriphClockCmd)
    RCC_APB2PeriphClockCmd                   0x08004181   Thumb Code    26  stm32f10x_rcc.o(i.RCC_APB2PeriphClockCmd)
    RCC_GetFlagStatus                        0x080041a1   Thumb Code    56  stm32f10x_rcc.o(i.RCC_GetFlagStatus)
    RCC_LSEConfig                            0x080041dd   Thumb Code    46  stm32f10x_rcc.o(i.RCC_LSEConfig)
    RCC_RTCCLKCmd                            0x08004211   Thumb Code     6  stm32f10x_rcc.o(i.RCC_RTCCLKCmd)
    RCC_RTCCLKConfig                         0x0800421d   Thumb Code    12  stm32f10x_rcc.o(i.RCC_RTCCLKConfig)
    RTC_EnterConfigMode                      0x0800422d   Thumb Code    14  stm32f10x_rtc.o(i.RTC_EnterConfigMode)
    RTC_ExitConfigMode                       0x08004241   Thumb Code    16  stm32f10x_rtc.o(i.RTC_ExitConfigMode)
    RTC_GetCounter                           0x08004255   Thumb Code    16  stm32f10x_rtc.o(i.RTC_GetCounter)
    RTC_SetCounter                           0x08004269   Thumb Code    24  stm32f10x_rtc.o(i.RTC_SetCounter)
    RTC_SetPrescaler                         0x08004285   Thumb Code    26  stm32f10x_rtc.o(i.RTC_SetPrescaler)
    RTC_WaitForLastTask                      0x080042a5   Thumb Code    16  stm32f10x_rtc.o(i.RTC_WaitForLastTask)
    RTC_WaitForSynchro                       0x080042b9   Thumb Code    30  stm32f10x_rtc.o(i.RTC_WaitForSynchro)
    SetDay                                   0x080042dd   Thumb Code   116  settime.o(i.SetDay)
    SetHour                                  0x08004359   Thumb Code   118  settime.o(i.SetHour)
    SetMin                                   0x080043d9   Thumb Code   118  settime.o(i.SetMin)
    SetMonth                                 0x08004459   Thumb Code   118  settime.o(i.SetMonth)
    SetSec                                   0x080044d9   Thumb Code   118  settime.o(i.SetSec)
    SetTime                                  0x08004641   Thumb Code   372  settime.o(i.SetTime)
    SetYear                                  0x080047bd   Thumb Code    82  settime.o(i.SetYear)
    Set_Selection                            0x08004815   Thumb Code    26  menu.o(i.Set_Selection)
    SettingPage                              0x08004839   Thumb Code   178  menu.o(i.SettingPage)
    Show_Barrier                             0x080048f5   Thumb Code    94  dino.o(i.Show_Barrier)
    Show_Battery                             0x08004965   Thumb Code   306  menu.o(i.Show_Battery)
    Show_Clock_UI                            0x08004ab1   Thumb Code    96  menu.o(i.Show_Clock_UI)
    Show_Cloud                               0x08004b41   Thumb Code    26  dino.o(i.Show_Cloud)
    Show_Dino                                0x08004b65   Thumb Code   214  dino.o(i.Show_Dino)
    Show_Emoji_UI                            0x08004c61   Thumb Code   268  menu.o(i.Show_Emoji_UI)
    Show_Game_UI                             0x08004d75   Thumb Code    32  menu.o(i.Show_Game_UI)
    Show_Gradienter_UI                       0x08004da5   Thumb Code    72  menu.o(i.Show_Gradienter_UI)
    Show_Ground                              0x08004df5   Thumb Code   110  dino.o(i.Show_Ground)
    Show_LED_UI                              0x08004e71   Thumb Code    44  menu.o(i.Show_LED_UI)
    Show_MPU6050_UI                          0x08004ea9   Thumb Code    92  menu.o(i.Show_MPU6050_UI)
    Show_Score                               0x08004f39   Thumb Code    22  dino.o(i.Show_Score)
    Show_SetTime_FirstUI                     0x08004f55   Thumb Code    74  settime.o(i.Show_SetTime_FirstUI)
    Show_SetTime_SecondUI                    0x08004fc1   Thumb Code    58  settime.o(i.Show_SetTime_SecondUI)
    Show_SettingPage_UI                      0x08005019   Thumb Code    32  menu.o(i.Show_SettingPage_UI)
    Show_StopWatch_UI                        0x0800504d   Thumb Code    86  menu.o(i.Show_StopWatch_UI)
    StopWatch                                0x080050dd   Thumb Code   252  menu.o(i.StopWatch)
    StopWatch_Tick                           0x080051f1   Thumb Code   100  menu.o(i.StopWatch_Tick)
    SysTick_Handler                          0x08005269   Thumb Code    46  port.o(i.SysTick_Handler)
    SystemInit                               0x0800529d   Thumb Code    78  system_stm32f10x.o(i.SystemInit)
    UsageFault_Handler                       0x080052fd   Thumb Code     4  stm32f10x_it.o(i.UsageFault_Handler)
    __ARM_fpclassify                         0x08005301   Thumb Code    40  fpclassify.o(i.__ARM_fpclassify)
    __ieee754_rem_pio2                       0x08005329   Thumb Code   828  rred.o(i.__ieee754_rem_pio2)
    __kernel_cos                             0x080056b1   Thumb Code   230  cos_i.o(i.__kernel_cos)
    __kernel_poly                            0x080057ad   Thumb Code   170  poly.o(i.__kernel_poly)
    __kernel_sin                             0x08005859   Thumb Code   224  sin_i.o(i.__kernel_sin)
    __mathlib_dbl_infnan                     0x08005945   Thumb Code     6  dunder.o(i.__mathlib_dbl_infnan)
    __mathlib_dbl_infnan2                    0x0800594b   Thumb Code     4  dunder.o(i.__mathlib_dbl_infnan2)
    __mathlib_dbl_invalid                    0x0800594f   Thumb Code    12  dunder.o(i.__mathlib_dbl_invalid)
    __mathlib_dbl_underflow                  0x0800595d   Thumb Code    10  dunder.o(i.__mathlib_dbl_underflow)
    _is_digit                                0x0800596d   Thumb Code    14  __printf_wp.o(i._is_digit)
    atan                                     0x0800597d   Thumb Code   474  atan.o(i.atan)
    atan2                                    0x08005b9d   Thumb Code   346  atan2.o(i.atan2)
    isColliding                              0x08005d1d   Thumb Code    80  dino.o(i.isColliding)
    main                                     0x08005d79   Thumb Code    40  main.o(i.main)
    pvPortMalloc                             0x080062d9   Thumb Code   318  heap_4.o(i.pvPortMalloc)
    pxPortInitialiseStack                    0x0800642d   Thumb Code    30  port.o(i.pxPortInitialiseStack)
    sin                                      0x08006451   Thumb Code   150  sin.o(i.sin)
    uxListRemove                             0x080064f1   Thumb Code    40  list.o(i.uxListRemove)
    vApplicationMallocFailedHook             0x08006519   Thumb Code    22  apptasks.o(i.vApplicationMallocFailedHook)
    vApplicationStackOverflowHook            0x0800652f   Thumb Code    22  apptasks.o(i.vApplicationStackOverflowHook)
    vListInitialise                          0x08006545   Thumb Code    26  list.o(i.vListInitialise)
    vListInitialiseItem                      0x0800655f   Thumb Code     6  list.o(i.vListInitialiseItem)
    vListInsert                              0x08006565   Thumb Code    52  list.o(i.vListInsert)
    vListInsertEnd                           0x08006599   Thumb Code    24  list.o(i.vListInsertEnd)
    vPortEnterCritical                       0x080065b1   Thumb Code    80  port.o(i.vPortEnterCritical)
    vPortExitCritical                        0x08006609   Thumb Code    60  port.o(i.vPortExitCritical)
    vPortFree                                0x08006649   Thumb Code   148  heap_4.o(i.vPortFree)
    vPortSetupTimerInterrupt                 0x080066e5   Thumb Code    14  port.o(i.vPortSetupTimerInterrupt)
    vTaskDelay                               0x080066f9   Thumb Code    86  tasks.o(i.vTaskDelay)
    vTaskDelayUntil                          0x08006759   Thumb Code   212  tasks.o(i.vTaskDelayUntil)
    vTaskMissedYield                         0x08006839   Thumb Code     8  tasks.o(i.vTaskMissedYield)
    vTaskPlaceOnEventList                    0x08006845   Thumb Code    56  tasks.o(i.vTaskPlaceOnEventList)
    vTaskSetTimeOutState                     0x08006881   Thumb Code    42  tasks.o(i.vTaskSetTimeOutState)
    vTaskStartScheduler                      0x080068b5   Thumb Code   112  tasks.o(i.vTaskStartScheduler)
    vTaskSuspendAll                          0x08006941   Thumb Code    12  tasks.o(i.vTaskSuspendAll)
    vTaskSwitchContext                       0x08006951   Thumb Code   178  tasks.o(i.vTaskSwitchContext)
    xPortStartScheduler                      0x08006a19   Thumb Code   140  port.o(i.xPortStartScheduler)
    xQueueGenericCreate                      0x08006ab9   Thumb Code    92  queue.o(i.xQueueGenericCreate)
    xQueueGenericReceive                     0x08006b15   Thumb Code   428  queue.o(i.xQueueGenericReceive)
    xQueueGenericReset                       0x08006cc5   Thumb Code   150  queue.o(i.xQueueGenericReset)
    xQueueGenericSend                        0x08006d61   Thumb Code   436  queue.o(i.xQueueGenericSend)
    xTaskCheckForTimeOut                     0x08006f19   Thumb Code   130  tasks.o(i.xTaskCheckForTimeOut)
    xTaskCreate                              0x08006fa5   Thumb Code    96  tasks.o(i.xTaskCreate)
    xTaskGetSchedulerState                   0x08007005   Thumb Code    24  tasks.o(i.xTaskGetSchedulerState)
    xTaskGetTickCount                        0x08007025   Thumb Code     6  tasks.o(i.xTaskGetTickCount)
    xTaskIncrementTick                       0x08007031   Thumb Code   286  tasks.o(i.xTaskIncrementTick)
    xTaskRemoveFromEventList                 0x0800717d   Thumb Code   132  tasks.o(i.xTaskRemoveFromEventList)
    xTaskResumeAll                           0x08007219   Thumb Code   228  tasks.o(i.xTaskResumeAll)
    _get_lc_numeric                          0x08007321   Thumb Code    44  lc_numeric_c.o(locale$$code)
    _get_lc_ctype                            0x0800734d   Thumb Code    44  lc_ctype_c.o(locale$$code)
    __aeabi_d2f                              0x08007379   Thumb Code     0  d2f.o(x$fpl$d2f)
    _d2f                                     0x08007379   Thumb Code    98  d2f.o(x$fpl$d2f)
    __aeabi_dadd                             0x080073dd   Thumb Code     0  daddsub_clz.o(x$fpl$dadd)
    _dadd                                    0x080073dd   Thumb Code   332  daddsub_clz.o(x$fpl$dadd)
    __fpl_dcheck_NaN1                        0x0800752d   Thumb Code    10  dcheck1.o(x$fpl$dcheck1)
    __fpl_dcmp_Inf                           0x0800753d   Thumb Code    24  dcmpi.o(x$fpl$dcmpinf)
    __aeabi_ddiv                             0x08007555   Thumb Code     0  ddiv.o(x$fpl$ddiv)
    _ddiv                                    0x08007555   Thumb Code   552  ddiv.o(x$fpl$ddiv)
    __aeabi_d2iz                             0x08007805   Thumb Code     0  dfix.o(x$fpl$dfix)
    _dfix                                    0x08007805   Thumb Code    94  dfix.o(x$fpl$dfix)
    __aeabi_d2uiz                            0x08007865   Thumb Code     0  dfixu.o(x$fpl$dfixu)
    _dfixu                                   0x08007865   Thumb Code    90  dfixu.o(x$fpl$dfixu)
    __aeabi_i2d                              0x080078bf   Thumb Code     0  dflt_clz.o(x$fpl$dflt)
    _dflt                                    0x080078bf   Thumb Code    46  dflt_clz.o(x$fpl$dflt)
    __aeabi_ui2d                             0x080078ed   Thumb Code     0  dflt_clz.o(x$fpl$dfltu)
    _dfltu                                   0x080078ed   Thumb Code    38  dflt_clz.o(x$fpl$dfltu)
    __aeabi_cdcmple                          0x08007915   Thumb Code     0  dleqf.o(x$fpl$dleqf)
    _dcmple                                  0x08007915   Thumb Code   120  dleqf.o(x$fpl$dleqf)
    __fpl_dcmple_InfNaN                      0x08007977   Thumb Code     0  dleqf.o(x$fpl$dleqf)
    __aeabi_dmul                             0x0800798d   Thumb Code     0  dmul.o(x$fpl$dmul)
    _dmul                                    0x0800798d   Thumb Code   332  dmul.o(x$fpl$dmul)
    __fpl_dnaninf                            0x08007ae1   Thumb Code   156  dnaninf.o(x$fpl$dnaninf)
    __fpl_dretinf                            0x08007b7d   Thumb Code    12  dretinf.o(x$fpl$dretinf)
    __aeabi_drsub                            0x08007b89   Thumb Code     0  daddsub_clz.o(x$fpl$drsb)
    _drsb                                    0x08007b89   Thumb Code    22  daddsub_clz.o(x$fpl$drsb)
    __aeabi_dsub                             0x08007ba1   Thumb Code     0  daddsub_clz.o(x$fpl$dsub)
    _dsub                                    0x08007ba1   Thumb Code   464  daddsub_clz.o(x$fpl$dsub)
    __aeabi_f2d                              0x08007d75   Thumb Code     0  f2d.o(x$fpl$f2d)
    _f2d                                     0x08007d75   Thumb Code    86  f2d.o(x$fpl$f2d)
    __aeabi_fadd                             0x08007dcd   Thumb Code     0  faddsub_clz.o(x$fpl$fadd)
    _fadd                                    0x08007dcd   Thumb Code   196  faddsub_clz.o(x$fpl$fadd)
    __fpl_fcmp_Inf                           0x08007e91   Thumb Code    24  fcmpi.o(x$fpl$fcmpinf)
    __aeabi_fdiv                             0x08007ea9   Thumb Code     0  fdiv.o(x$fpl$fdiv)
    _fdiv                                    0x08007ea9   Thumb Code   384  fdiv.o(x$fpl$fdiv)
    __aeabi_f2iz                             0x0800802d   Thumb Code     0  ffix.o(x$fpl$ffix)
    _ffix                                    0x0800802d   Thumb Code    54  ffix.o(x$fpl$ffix)
    __aeabi_i2f                              0x08008065   Thumb Code     0  fflt_clz.o(x$fpl$fflt)
    _fflt                                    0x08008065   Thumb Code    48  fflt_clz.o(x$fpl$fflt)
    __aeabi_ui2f                             0x08008095   Thumb Code     0  fflt_clz.o(x$fpl$ffltu)
    _ffltu                                   0x08008095   Thumb Code    38  fflt_clz.o(x$fpl$ffltu)
    __aeabi_cfcmple                          0x080080bd   Thumb Code     0  fleqf.o(x$fpl$fleqf)
    _fcmple                                  0x080080bd   Thumb Code   104  fleqf.o(x$fpl$fleqf)
    __fpl_fcmple_InfNaN                      0x0800810f   Thumb Code     0  fleqf.o(x$fpl$fleqf)
    __aeabi_fmul                             0x08008125   Thumb Code     0  fmul.o(x$fpl$fmul)
    _fmul                                    0x08008125   Thumb Code   258  fmul.o(x$fpl$fmul)
    __fpl_fnaninf                            0x08008227   Thumb Code   140  fnaninf.o(x$fpl$fnaninf)
    __fpl_fretinf                            0x080082b3   Thumb Code    10  fretinf.o(x$fpl$fretinf)
    __aeabi_fsub                             0x080082bd   Thumb Code     0  faddsub_clz.o(x$fpl$fsub)
    _fsub                                    0x080082bd   Thumb Code   234  faddsub_clz.o(x$fpl$fsub)
    _printf_fp_dec                           0x080083a7   Thumb Code     4  printf1.o(x$fpl$printf1)
    _printf_fp_hex                           0x080083ab   Thumb Code     4  printf2.o(x$fpl$printf2)
    __fpl_return_NaN                         0x080083af   Thumb Code   100  retnan.o(x$fpl$retnan)
    __ARM_scalbn                             0x08008413   Thumb Code    92  scalbn.o(x$fpl$scalbn)
    __fpl_cmpreturn                          0x0800846f   Thumb Code    48  trapv.o(x$fpl$trapveneer)
    OLED_F8x16                               0x0800849e   Data        1520  oled_data.o(.constdata)
    __I$use$fp                               0x0800849e   Number         0  usenofp.o(x$fpl$usenofp)
    OLED_F6x8                                0x08008a8e   Data         570  oled_data.o(.constdata)
    OLED_F12x24                              0x08008cc8   Data        3420  oled_data.o(.constdata)
    OLED_CF16x16                             0x08009a24   Data        1050  oled_data.o(.constdata)
    Diode                                    0x08009e3e   Data          32  oled_data.o(.constdata)
    Return                                   0x08009e5e   Data          32  oled_data.o(.constdata)
    Menu_Graph                               0x08009e7e   Data        1024  oled_data.o(.constdata)
    Frame                                    0x0800a27e   Data         264  oled_data.o(.constdata)
    Ground                                   0x0800a386   Data         256  oled_data.o(.constdata)
    Barrier                                  0x0800a486   Data         144  oled_data.o(.constdata)
    Cloud                                    0x0800a516   Data          16  oled_data.o(.constdata)
    Dino                                     0x0800a526   Data         144  oled_data.o(.constdata)
    Eyebrow                                  0x0800a5b6   Data          64  oled_data.o(.constdata)
    Mouth                                    0x0800a5f6   Data          60  oled_data.o(.constdata)
    Battery                                  0x0800a632   Data          32  oled_data.o(.constdata)
    _monlen                                  0x0800a6a5   Data          12  _monlen.o(.constdata)
    __mathlib_zero                           0x0800a780   Data           8  qnan.o(.constdata)
    Region$$Table$$Base                      0x0800a934   Number         0  anon$$obj.o(Region$$Table)
    Region$$Table$$Limit                     0x0800a954   Number         0  anon$$obj.o(Region$$Table)
    __ctype                                  0x0800a97d   Data           0  lc_ctype_c.o(locale$$data)
    SystemCoreClock                          0x20000000   Data           4  system_stm32f10x.o(.data)
    AHBPrescTable                            0x20000004   Data          16  system_stm32f10x.o(.data)
    pxCurrentTCB                             0x20000014   Data           4  tasks.o(.data)
    MyRTC_Time                               0x20000070   Data          24  myrtc.o(.data)
    KeyNum                                   0x20000088   Data           1  menu.o(.data)
    ADValue                                  0x2000008a   Data           2  menu.o(.data)
    VBAT                                     0x2000008c   Data           4  menu.o(.data)
    Battery_Capacity                         0x20000090   Data           4  menu.o(.data)
    clkflag                                  0x20000094   Data           4  menu.o(.data)
    setflag                                  0x20000098   Data           4  menu.o(.data)
    pre_selection                            0x2000009c   Data           1  menu.o(.data)
    target_selection                         0x2000009d   Data           1  menu.o(.data)
    x_pre                                    0x2000009e   Data           1  menu.o(.data)
    Speed                                    0x2000009f   Data           1  menu.o(.data)
    move_flag                                0x200000a0   Data           1  menu.o(.data)
    menu_flag                                0x200000a1   Data           1  menu.o(.data)
    hour                                     0x200000a2   Data           1  menu.o(.data)
    min                                      0x200000a3   Data           1  menu.o(.data)
    sec                                      0x200000a4   Data           1  menu.o(.data)
    start_timing_flag                        0x200000a5   Data           1  menu.o(.data)
    stopwatch_flag                           0x200000a6   Data           1  menu.o(.data)
    led_flag                                 0x200000a7   Data           1  menu.o(.data)
    ax                                       0x200000a8   Data           2  menu.o(.data)
    ay                                       0x200000aa   Data           2  menu.o(.data)
    az                                       0x200000ac   Data           2  menu.o(.data)
    gx                                       0x200000ae   Data           2  menu.o(.data)
    gy                                       0x200000b0   Data           2  menu.o(.data)
    gz                                       0x200000b2   Data           2  menu.o(.data)
    roll_g                                   0x200000b4   Data           4  menu.o(.data)
    pitch_g                                  0x200000b8   Data           4  menu.o(.data)
    yaw_g                                    0x200000bc   Data           4  menu.o(.data)
    roll_a                                   0x200000c0   Data           4  menu.o(.data)
    pitch_a                                  0x200000c4   Data           4  menu.o(.data)
    Roll                                     0x200000c8   Data           4  menu.o(.data)
    Pitch                                    0x200000cc   Data           4  menu.o(.data)
    Yaw                                      0x200000d0   Data           4  menu.o(.data)
    a                                        0x200000d4   Data           4  menu.o(.data)
    Delta_t                                  0x200000d8   Data           4  menu.o(.data)
    pi                                       0x200000e0   Data           8  menu.o(.data)
    game_flag                                0x200000e8   Data           1  menu.o(.data)
    set_time_flag                            0x200000f4   Data           4  settime.o(.data)
    Score                                    0x200000f8   Data           4  dino.o(.data)
    Ground_Pos                               0x200000fc   Data           2  dino.o(.data)
    barrier_flag                             0x200000fe   Data           1  dino.o(.data)
    Barrier_Pos                              0x200000ff   Data           1  dino.o(.data)
    barrier                                  0x20000100   Data           4  dino.o(.data)
    Cloud_Pos                                0x20000104   Data           1  dino.o(.data)
    dino_jump_flag                           0x20000105   Data           1  dino.o(.data)
    jump_t                                   0x20000106   Data           2  dino.o(.data)
    Jump_Pos                                 0x20000108   Data           1  dino.o(.data)
    dino                                     0x20000109   Data           4  dino.o(.data)
    OLED_DisplayBuf                          0x200029b0   Data        1024  oled.o(.bss)
    _random_number_data                      0x20002db0   Data         228  rand.o(.bss)
    __libspace_start                         0x20002ec0   Data          96  libspace.o(.bss)
    __temporary_stack_top$libspace           0x20002f20   Data           0  libspace.o(.bss)



==============================================================================

Memory Map of the image

  Image Entry point : 0x080000ed

  Load Region LR_IROM1 (Base: 0x08000000, Size: 0x0000ab90, Max: 0x00010000, ABSOLUTE)

    Execution Region ER_IROM1 (Exec base: 0x08000000, Load base: 0x08000000, Size: 0x0000aa80, Max: 0x00010000, ABSOLUTE)

    Exec Addr    Load Addr    Size         Type   Attr      Idx    E Section Name        Object

    0x08000000   0x08000000   0x000000ec   Data   RO            3    RESET               startup_stm32f10x_md.o
    0x080000ec   0x080000ec   0x00000008   Code   RO         4739  * !!!main             c_w.l(__main.o)
    0x080000f4   0x080000f4   0x00000034   Code   RO         5211    !!!scatter          c_w.l(__scatter.o)
    0x08000128   0x08000128   0x0000001a   Code   RO         5213    !!handler_copy      c_w.l(__scatter_copy.o)
    0x08000142   0x08000142   0x00000002   PAD
    0x08000144   0x08000144   0x0000001c   Code   RO         5215    !!handler_zi        c_w.l(__scatter_zi.o)
    0x08000160   0x08000160   0x00000000   Code   RO         4901    .ARM.Collect$$_printf_percent$$00000000  c_w.l(_printf_percent.o)
    0x08000160   0x08000160   0x00000006   Code   RO         4890    .ARM.Collect$$_printf_percent$$00000001  c_w.l(_printf_n.o)
    0x08000166   0x08000166   0x00000006   Code   RO         4892    .ARM.Collect$$_printf_percent$$00000002  c_w.l(_printf_p.o)
    0x0800016c   0x0800016c   0x00000006   Code   RO         4897    .ARM.Collect$$_printf_percent$$00000003  c_w.l(_printf_f.o)
    0x08000172   0x08000172   0x00000006   Code   RO         4898    .ARM.Collect$$_printf_percent$$00000004  c_w.l(_printf_e.o)
    0x08000178   0x08000178   0x00000006   Code   RO         4899    .ARM.Collect$$_printf_percent$$00000005  c_w.l(_printf_g.o)
    0x0800017e   0x0800017e   0x00000006   Code   RO         4900    .ARM.Collect$$_printf_percent$$00000006  c_w.l(_printf_a.o)
    0x08000184   0x08000184   0x0000000a   Code   RO         4905    .ARM.Collect$$_printf_percent$$00000007  c_w.l(_printf_ll.o)
    0x0800018e   0x0800018e   0x00000006   Code   RO         4894    .ARM.Collect$$_printf_percent$$00000008  c_w.l(_printf_i.o)
    0x08000194   0x08000194   0x00000006   Code   RO         4895    .ARM.Collect$$_printf_percent$$00000009  c_w.l(_printf_d.o)
    0x0800019a   0x0800019a   0x00000006   Code   RO         4896    .ARM.Collect$$_printf_percent$$0000000A  c_w.l(_printf_u.o)
    0x080001a0   0x080001a0   0x00000006   Code   RO         4893    .ARM.Collect$$_printf_percent$$0000000B  c_w.l(_printf_o.o)
    0x080001a6   0x080001a6   0x00000006   Code   RO         4891    .ARM.Collect$$_printf_percent$$0000000C  c_w.l(_printf_x.o)
    0x080001ac   0x080001ac   0x00000006   Code   RO         4902    .ARM.Collect$$_printf_percent$$0000000D  c_w.l(_printf_lli.o)
    0x080001b2   0x080001b2   0x00000006   Code   RO         4903    .ARM.Collect$$_printf_percent$$0000000E  c_w.l(_printf_lld.o)
    0x080001b8   0x080001b8   0x00000006   Code   RO         4904    .ARM.Collect$$_printf_percent$$0000000F  c_w.l(_printf_llu.o)
    0x080001be   0x080001be   0x00000006   Code   RO         4909    .ARM.Collect$$_printf_percent$$00000010  c_w.l(_printf_llo.o)
    0x080001c4   0x080001c4   0x00000006   Code   RO         4910    .ARM.Collect$$_printf_percent$$00000011  c_w.l(_printf_llx.o)
    0x080001ca   0x080001ca   0x0000000a   Code   RO         4906    .ARM.Collect$$_printf_percent$$00000012  c_w.l(_printf_l.o)
    0x080001d4   0x080001d4   0x00000006   Code   RO         4888    .ARM.Collect$$_printf_percent$$00000013  c_w.l(_printf_c.o)
    0x080001da   0x080001da   0x00000006   Code   RO         4889    .ARM.Collect$$_printf_percent$$00000014  c_w.l(_printf_s.o)
    0x080001e0   0x080001e0   0x00000006   Code   RO         4907    .ARM.Collect$$_printf_percent$$00000015  c_w.l(_printf_lc.o)
    0x080001e6   0x080001e6   0x00000006   Code   RO         4908    .ARM.Collect$$_printf_percent$$00000016  c_w.l(_printf_ls.o)
    0x080001ec   0x080001ec   0x00000004   Code   RO         5058    .ARM.Collect$$_printf_percent$$00000017  c_w.l(_printf_percent_end.o)
    0x080001f0   0x080001f0   0x00000002   Code   RO         5126    .ARM.Collect$$libinit$$00000000  c_w.l(libinit.o)
    0x080001f2   0x080001f2   0x00000000   Code   RO         4917    .ARM.Collect$$libinit$$00000002  c_w.l(libinit2.o)
    0x080001f2   0x080001f2   0x00000000   Code   RO         4919    .ARM.Collect$$libinit$$00000004  c_w.l(libinit2.o)
    0x080001f2   0x080001f2   0x00000000   Code   RO         4922    .ARM.Collect$$libinit$$0000000A  c_w.l(libinit2.o)
    0x080001f2   0x080001f2   0x00000000   Code   RO         4924    .ARM.Collect$$libinit$$0000000C  c_w.l(libinit2.o)
    0x080001f2   0x080001f2   0x00000004   Code   RO         4925    .ARM.Collect$$libinit$$0000000D  c_w.l(libinit2.o)
    0x080001f6   0x080001f6   0x00000000   Code   RO         4926    .ARM.Collect$$libinit$$0000000E  c_w.l(libinit2.o)
    0x080001f6   0x080001f6   0x00000006   Code   RO         4927    .ARM.Collect$$libinit$$0000000F  c_w.l(libinit2.o)
    0x080001fc   0x080001fc   0x00000000   Code   RO         4929    .ARM.Collect$$libinit$$00000011  c_w.l(libinit2.o)
    0x080001fc   0x080001fc   0x0000000c   Code   RO         4930    .ARM.Collect$$libinit$$00000012  c_w.l(libinit2.o)
    0x08000208   0x08000208   0x00000000   Code   RO         4931    .ARM.Collect$$libinit$$00000013  c_w.l(libinit2.o)
    0x08000208   0x08000208   0x00000000   Code   RO         4933    .ARM.Collect$$libinit$$00000015  c_w.l(libinit2.o)
    0x08000208   0x08000208   0x0000000a   Code   RO         4934    .ARM.Collect$$libinit$$00000016  c_w.l(libinit2.o)
    0x08000212   0x08000212   0x00000000   Code   RO         4935    .ARM.Collect$$libinit$$00000017  c_w.l(libinit2.o)
    0x08000212   0x08000212   0x00000000   Code   RO         4937    .ARM.Collect$$libinit$$00000019  c_w.l(libinit2.o)
    0x08000212   0x08000212   0x00000000   Code   RO         4939    .ARM.Collect$$libinit$$0000001B  c_w.l(libinit2.o)
    0x08000212   0x08000212   0x00000000   Code   RO         4941    .ARM.Collect$$libinit$$0000001D  c_w.l(libinit2.o)
    0x08000212   0x08000212   0x00000000   Code   RO         4943    .ARM.Collect$$libinit$$0000001F  c_w.l(libinit2.o)
    0x08000212   0x08000212   0x00000000   Code   RO         4945    .ARM.Collect$$libinit$$00000021  c_w.l(libinit2.o)
    0x08000212   0x08000212   0x00000000   Code   RO         4947    .ARM.Collect$$libinit$$00000023  c_w.l(libinit2.o)
    0x08000212   0x08000212   0x00000000   Code   RO         4949    .ARM.Collect$$libinit$$00000025  c_w.l(libinit2.o)
    0x08000212   0x08000212   0x00000000   Code   RO         4953    .ARM.Collect$$libinit$$0000002C  c_w.l(libinit2.o)
    0x08000212   0x08000212   0x00000000   Code   RO         4955    .ARM.Collect$$libinit$$0000002E  c_w.l(libinit2.o)
    0x08000212   0x08000212   0x00000000   Code   RO         4957    .ARM.Collect$$libinit$$00000030  c_w.l(libinit2.o)
    0x08000212   0x08000212   0x00000000   Code   RO         4959    .ARM.Collect$$libinit$$00000032  c_w.l(libinit2.o)
    0x08000212   0x08000212   0x00000002   Code   RO         4960    .ARM.Collect$$libinit$$00000033  c_w.l(libinit2.o)
    0x08000214   0x08000214   0x00000002   Code   RO         5172    .ARM.Collect$$libshutdown$$00000000  c_w.l(libshutdown.o)
    0x08000216   0x08000216   0x00000000   Code   RO         5178    .ARM.Collect$$libshutdown$$00000002  c_w.l(libshutdown2.o)
    0x08000216   0x08000216   0x00000000   Code   RO         5180    .ARM.Collect$$libshutdown$$00000004  c_w.l(libshutdown2.o)
    0x08000216   0x08000216   0x00000000   Code   RO         5183    .ARM.Collect$$libshutdown$$00000007  c_w.l(libshutdown2.o)
    0x08000216   0x08000216   0x00000000   Code   RO         5186    .ARM.Collect$$libshutdown$$0000000A  c_w.l(libshutdown2.o)
    0x08000216   0x08000216   0x00000000   Code   RO         5188    .ARM.Collect$$libshutdown$$0000000C  c_w.l(libshutdown2.o)
    0x08000216   0x08000216   0x00000000   Code   RO         5191    .ARM.Collect$$libshutdown$$0000000F  c_w.l(libshutdown2.o)
    0x08000216   0x08000216   0x00000002   Code   RO         5192    .ARM.Collect$$libshutdown$$00000010  c_w.l(libshutdown2.o)
    0x08000218   0x08000218   0x00000000   Code   RO         4817    .ARM.Collect$$rtentry$$00000000  c_w.l(__rtentry.o)
    0x08000218   0x08000218   0x00000000   Code   RO         5024    .ARM.Collect$$rtentry$$00000002  c_w.l(__rtentry2.o)
    0x08000218   0x08000218   0x00000006   Code   RO         5036    .ARM.Collect$$rtentry$$00000004  c_w.l(__rtentry4.o)
    0x0800021e   0x0800021e   0x00000000   Code   RO         5026    .ARM.Collect$$rtentry$$00000009  c_w.l(__rtentry2.o)
    0x0800021e   0x0800021e   0x00000004   Code   RO         5027    .ARM.Collect$$rtentry$$0000000A  c_w.l(__rtentry2.o)
    0x08000222   0x08000222   0x00000000   Code   RO         5029    .ARM.Collect$$rtentry$$0000000C  c_w.l(__rtentry2.o)
    0x08000222   0x08000222   0x00000008   Code   RO         5030    .ARM.Collect$$rtentry$$0000000D  c_w.l(__rtentry2.o)
    0x0800022a   0x0800022a   0x00000002   Code   RO         5133    .ARM.Collect$$rtexit$$00000000  c_w.l(rtexit.o)
    0x0800022c   0x0800022c   0x00000000   Code   RO         5150    .ARM.Collect$$rtexit$$00000002  c_w.l(rtexit2.o)
    0x0800022c   0x0800022c   0x00000004   Code   RO         5151    .ARM.Collect$$rtexit$$00000003  c_w.l(rtexit2.o)
    0x08000230   0x08000230   0x00000006   Code   RO         5152    .ARM.Collect$$rtexit$$00000004  c_w.l(rtexit2.o)
    0x08000236   0x08000236   0x00000002   PAD
    0x08000238   0x08000238   0x00000096   Code   RO         3619    .emb_text           port.o
    0x080002ce   0x080002ce   0x00000002   PAD
    0x080002d0   0x080002d0   0x00000034   Code   RO         4719    .emb_text           c_w.l(rand.o)
    0x08000304   0x08000304   0x00000040   Code   RO            4    .text               startup_stm32f10x_md.o
    0x08000344   0x08000344   0x00000024   Code   RO         4717    .text               c_w.l(vsprintf.o)
    0x08000368   0x08000368   0x0000003c   Code   RO         4720    .text               c_w.l(rand.o)
    0x080003a4   0x080003a4   0x0000008a   Code   RO         4724    .text               c_w.l(rt_memcpy_v6.o)
    0x0800042e   0x0800042e   0x00000064   Code   RO         4726    .text               c_w.l(rt_memcpy_w.o)
    0x08000492   0x08000492   0x00000010   Code   RO         4728    .text               c_w.l(aeabi_memset.o)
    0x080004a2   0x080004a2   0x00000002   PAD
    0x080004a4   0x080004a4   0x00000080   Code   RO         4730    .text               c_w.l(strcmpv7m.o)
    0x08000524   0x08000524   0x0000000c   Code   RO         4732    .text               c_w.l(localtime.o)
    0x08000530   0x08000530   0x000001ac   Code   RO         4735    .text               c_w.l(mktime.o)
    0x080006dc   0x080006dc   0x00000006   Code   RO         4737    .text               c_w.l(heapauxi.o)
    0x080006e2   0x080006e2   0x00000016   Code   RO         4818    .text               c_w.l(_rserrno.o)
    0x080006f8   0x080006f8   0x0000004e   Code   RO         4822    .text               c_w.l(_printf_pad.o)
    0x08000746   0x08000746   0x00000024   Code   RO         4824    .text               c_w.l(_printf_truncate.o)
    0x0800076a   0x0800076a   0x00000052   Code   RO         4826    .text               c_w.l(_printf_str.o)
    0x080007bc   0x080007bc   0x00000078   Code   RO         4828    .text               c_w.l(_printf_dec.o)
    0x08000834   0x08000834   0x00000028   Code   RO         4830    .text               c_w.l(_printf_charcount.o)
    0x0800085c   0x0800085c   0x00000030   Code   RO         4832    .text               c_w.l(_printf_char_common.o)
    0x0800088c   0x0800088c   0x0000000a   Code   RO         4834    .text               c_w.l(_sputc.o)
    0x08000896   0x08000896   0x00000002   PAD
    0x08000898   0x08000898   0x000000bc   Code   RO         4836    .text               c_w.l(_printf_wctomb.o)
    0x08000954   0x08000954   0x0000007c   Code   RO         4839    .text               c_w.l(_printf_longlong_dec.o)
    0x080009d0   0x080009d0   0x00000070   Code   RO         4845    .text               c_w.l(_printf_oct_int_ll.o)
    0x08000a40   0x08000a40   0x00000094   Code   RO         4865    .text               c_w.l(_printf_hex_int_ll_ptr.o)
    0x08000ad4   0x08000ad4   0x00000188   Code   RO         4885    .text               c_w.l(__printf_flags_ss_wp.o)
    0x08000c5c   0x08000c5c   0x00000044   Code   RO         4911    .text               c_w.l(rt_memclr.o)
    0x08000ca0   0x08000ca0   0x000000b8   Code   RO         4914    .text               c_w.l(localtime_internal.o)
    0x08000d58   0x08000d58   0x00000008   Code   RO         5041    .text               c_w.l(rt_errno_addr_intlibspace.o)
    0x08000d60   0x08000d60   0x0000008a   Code   RO         5043    .text               c_w.l(lludiv10.o)
    0x08000dea   0x08000dea   0x000000b2   Code   RO         5045    .text               c_w.l(_printf_intcommon.o)
    0x08000e9c   0x08000e9c   0x0000041e   Code   RO         5047    .text               c_w.l(_printf_fp_dec.o)
    0x080012ba   0x080012ba   0x00000002   PAD
    0x080012bc   0x080012bc   0x000002fc   Code   RO         5049    .text               c_w.l(_printf_fp_hex.o)
    0x080015b8   0x080015b8   0x0000002c   Code   RO         5054    .text               c_w.l(_printf_char.o)
    0x080015e4   0x080015e4   0x0000002c   Code   RO         5056    .text               c_w.l(_printf_wchar.o)
    0x08001610   0x08001610   0x00000040   Code   RO         5059    .text               c_w.l(_wcrtomb.o)
    0x08001650   0x08001650   0x0000004e   Code   RO         5061    .text               c_w.l(rt_memclr_w.o)
    0x0800169e   0x0800169e   0x00000002   PAD
    0x080016a0   0x080016a0   0x00000008   Code   RO         5073    .text               c_w.l(libspace.o)
    0x080016a8   0x080016a8   0x0000004a   Code   RO         5076    .text               c_w.l(sys_stackheap_outer.o)
    0x080016f2   0x080016f2   0x00000002   PAD
    0x080016f4   0x080016f4   0x00000010   Code   RO         5078    .text               c_w.l(rt_ctype_table.o)
    0x08001704   0x08001704   0x00000008   Code   RO         5083    .text               c_w.l(rt_locale_intlibspace.o)
    0x0800170c   0x0800170c   0x00000080   Code   RO         5085    .text               c_w.l(_printf_fp_infnan.o)
    0x0800178c   0x0800178c   0x000000e4   Code   RO         5087    .text               c_w.l(bigflt0.o)
    0x08001870   0x08001870   0x00000012   Code   RO         5115    .text               c_w.l(exit.o)
    0x08001882   0x08001882   0x00000002   Code   RO         5146    .text               c_w.l(use_no_semi.o)
    0x08001884   0x08001884   0x00000000   Code   RO         5148    .text               c_w.l(indicate_semi.o)
    0x08001884   0x08001884   0x0000000c   Code   RO         5164    .text               c_w.l(sys_exit.o)
    0x08001890   0x08001890   0x0000003e   Code   RO         5090    CL$$btod_d2e        c_w.l(btod.o)
    0x080018ce   0x080018ce   0x00000046   Code   RO         5092    CL$$btod_d2e_denorm_low  c_w.l(btod.o)
    0x08001914   0x08001914   0x00000060   Code   RO         5091    CL$$btod_d2e_norm_op1  c_w.l(btod.o)
    0x08001974   0x08001974   0x00000338   Code   RO         5100    CL$$btod_div_common  c_w.l(btod.o)
    0x08001cac   0x08001cac   0x000000dc   Code   RO         5097    CL$$btod_e2e        c_w.l(btod.o)
    0x08001d88   0x08001d88   0x0000002a   Code   RO         5094    CL$$btod_ediv       c_w.l(btod.o)
    0x08001db2   0x08001db2   0x0000002a   Code   RO         5093    CL$$btod_emul       c_w.l(btod.o)
    0x08001ddc   0x08001ddc   0x00000244   Code   RO         5099    CL$$btod_mult_common  c_w.l(btod.o)
    0x08002020   0x08002020   0x00000016   Code   RO          202    i.ADC_Cmd           stm32f10x_adc.o
    0x08002036   0x08002036   0x00000014   Code   RO          210    i.ADC_GetCalibrationStatus  stm32f10x_adc.o
    0x0800204a   0x0800204a   0x00000008   Code   RO          211    i.ADC_GetConversionValue  stm32f10x_adc.o
    0x08002052   0x08002052   0x00000012   Code   RO          213    i.ADC_GetFlagStatus  stm32f10x_adc.o
    0x08002064   0x08002064   0x00000014   Code   RO          216    i.ADC_GetResetCalibrationStatus  stm32f10x_adc.o
    0x08002078   0x08002078   0x00000050   Code   RO          220    i.ADC_Init          stm32f10x_adc.o
    0x080020c8   0x080020c8   0x000000b8   Code   RO          224    i.ADC_RegularChannelConfig  stm32f10x_adc.o
    0x08002180   0x08002180   0x0000000a   Code   RO          225    i.ADC_ResetCalibration  stm32f10x_adc.o
    0x0800218a   0x0800218a   0x00000016   Code   RO          227    i.ADC_SoftwareStartConvCmd  stm32f10x_adc.o
    0x080021a0   0x080021a0   0x0000000a   Code   RO          229    i.ADC_StartCalibration  stm32f10x_adc.o
    0x080021aa   0x080021aa   0x00000002   PAD
    0x080021ac   0x080021ac   0x00000024   Code   RO         4581    i.AD_GetValue       ad.o
    0x080021d0   0x080021d0   0x000000a0   Code   RO         4582    i.AD_Init           ad.o
    0x08002270   0x08002270   0x00000018   Code   RO         4599    i.AppInputTask      apptasks.o
    0x08002288   0x08002288   0x00000088   Code   RO         4600    i.AppTasks_Create   apptasks.o
    0x08002310   0x08002310   0x0000001c   Code   RO         4601    i.AppTimebaseTask   apptasks.o
    0x0800232c   0x0800232c   0x0000001c   Code   RO         4602    i.AppUiTask         apptasks.o
    0x08002348   0x08002348   0x0000001c   Code   RO          431    i.BKP_ReadBackupRegister  stm32f10x_bkp.o
    0x08002364   0x08002364   0x0000001c   Code   RO          435    i.BKP_WriteBackupRegister  stm32f10x_bkp.o
    0x08002380   0x08002380   0x00000004   Code   RO         4670    i.BusFault_Handler  stm32f10x_it.o
    0x08002384   0x08002384   0x00000034   Code   RO         4339    i.Change_RTC_Time   settime.o
    0x080023b8   0x080023b8   0x00000002   Code   RO         4671    i.DebugMon_Handler  stm32f10x_it.o
    0x080023ba   0x080023ba   0x00000002   PAD
    0x080023bc   0x080023bc   0x00000028   Code   RO         3763    i.Delay_Init        delay.o
    0x080023e4   0x080023e4   0x00000038   Code   RO         3764    i.Delay_ms          delay.o
    0x0800241c   0x0800241c   0x00000016   Code   RO         3765    i.Delay_s           delay.o
    0x08002432   0x08002432   0x00000002   PAD
    0x08002434   0x08002434   0x00000040   Code   RO         3766    i.Delay_us          delay.o
    0x08002474   0x08002474   0x00000040   Code   RO         4517    i.DinoGame_Animation  dino.o
    0x080024b4   0x080024b4   0x0000002c   Code   RO         4518    i.DinoGame_Pos_Init  dino.o
    0x080024e0   0x080024e0   0x000000e4   Code   RO         4519    i.Dino_Tick         dino.o
    0x080025c4   0x080025c4   0x00000038   Code   RO         4084    i.Emoji             menu.o
    0x080025fc   0x080025fc   0x00000032   Code   RO         4085    i.Emoji_WaitForExit  menu.o
    0x0800262e   0x0800262e   0x00000002   PAD
    0x08002630   0x08002630   0x00000044   Code   RO         4274    i.Encoder_GetKeyNum  encoder.o
    0x08002674   0x08002674   0x00000080   Code   RO         4275    i.Encoder_Init      encoder.o
    0x080026f4   0x080026f4   0x00000014   Code   RO         4276    i.Encoder_IsReady   encoder.o
    0x08002708   0x08002708   0x0000004c   Code   RO         4277    i.Encoder_Poll      encoder.o
    0x08002754   0x08002754   0x000000b0   Code   RO         4278    i.Encoder_Scan      encoder.o
    0x08002804   0x08002804   0x000000a8   Code   RO         4086    i.First_Page_Clock  menu.o
    0x080028ac   0x080028ac   0x00000116   Code   RO         1347    i.GPIO_Init         stm32f10x_gpio.o
    0x080029c2   0x080029c2   0x00000002   PAD
    0x080029c4   0x080029c4   0x00000090   Code   RO         1349    i.GPIO_PinRemapConfig  stm32f10x_gpio.o
    0x08002a54   0x08002a54   0x00000012   Code   RO         1351    i.GPIO_ReadInputDataBit  stm32f10x_gpio.o
    0x08002a66   0x08002a66   0x00000004   Code   RO         1354    i.GPIO_ResetBits    stm32f10x_gpio.o
    0x08002a6a   0x08002a6a   0x00000004   Code   RO         1355    i.GPIO_SetBits      stm32f10x_gpio.o
    0x08002a6e   0x08002a6e   0x0000000a   Code   RO         1358    i.GPIO_WriteBit     stm32f10x_gpio.o
    0x08002a78   0x08002a78   0x000000c4   Code   RO         4087    i.Game              menu.o
    0x08002b3c   0x08002b3c   0x00000034   Code   RO         4088    i.Gradienter        menu.o
    0x08002b70   0x08002b70   0x00000004   Code   RO         4672    i.HardFault_Handler  stm32f10x_it.o
    0x08002b74   0x08002b74   0x000000d4   Code   RO         4089    i.LED               menu.o
    0x08002c48   0x08002c48   0x00000034   Code   RO         4315    i.LED_Init          led.o
    0x08002c7c   0x08002c7c   0x00000014   Code   RO         4316    i.LED_OFF           led.o
    0x08002c90   0x08002c90   0x00000014   Code   RO         4317    i.LED_ON            led.o
    0x08002ca4   0x08002ca4   0x00000044   Code   RO         4090    i.MPU6050           menu.o
    0x08002ce8   0x08002ce8   0x000001dc   Code   RO         4091    i.MPU6050_Calculation  menu.o
    0x08002ec4   0x08002ec4   0x000000ac   Code   RO         4409    i.MPU6050_GetData   mpu6050.o
    0x08002f70   0x08002f70   0x00000038   Code   RO         4411    i.MPU6050_Init      mpu6050.o
    0x08002fa8   0x08002fa8   0x0000003e   Code   RO         4412    i.MPU6050_ReadReg   mpu6050.o
    0x08002fe6   0x08002fe6   0x0000002e   Code   RO         4413    i.MPU6050_WriteReg  mpu6050.o
    0x08003014   0x08003014   0x00000004   Code   RO         4673    i.MemManage_Handler  stm32f10x_it.o
    0x08003018   0x08003018   0x00000144   Code   RO         4092    i.Menu              menu.o
    0x0800315c   0x0800315c   0x00000090   Code   RO         4093    i.MenuToFunction    menu.o
    0x080031ec   0x080031ec   0x0000014c   Code   RO         4094    i.Menu_Animation    menu.o
    0x08003338   0x08003338   0x00000038   Code   RO         4451    i.MyI2C_Init        myi2c.o
    0x08003370   0x08003370   0x0000001c   Code   RO         4452    i.MyI2C_R_SDA       myi2c.o
    0x0800338c   0x0800338c   0x0000001e   Code   RO         4453    i.MyI2C_ReceiveAck  myi2c.o
    0x080033aa   0x080033aa   0x00000032   Code   RO         4454    i.MyI2C_ReceiveByte  myi2c.o
    0x080033dc   0x080033dc   0x00000018   Code   RO         4455    i.MyI2C_SendAck     myi2c.o
    0x080033f4   0x080033f4   0x00000032   Code   RO         4456    i.MyI2C_SendByte    myi2c.o
    0x08003426   0x08003426   0x0000001c   Code   RO         4457    i.MyI2C_Start       myi2c.o
    0x08003442   0x08003442   0x00000016   Code   RO         4458    i.MyI2C_Stop        myi2c.o
    0x08003458   0x08003458   0x0000001c   Code   RO         4459    i.MyI2C_W_SCL       myi2c.o
    0x08003474   0x08003474   0x0000001c   Code   RO         4460    i.MyI2C_W_SDA       myi2c.o
    0x08003490   0x08003490   0x00000072   Code   RO         3796    i.MyRTC_Init        myrtc.o
    0x08003502   0x08003502   0x00000002   PAD
    0x08003504   0x08003504   0x00000048   Code   RO         3797    i.MyRTC_ReadTime    myrtc.o
    0x0800354c   0x0800354c   0x0000004c   Code   RO         3798    i.MyRTC_SetTime     myrtc.o
    0x08003598   0x08003598   0x00000002   Code   RO         4674    i.NMI_Handler       stm32f10x_it.o
    0x0800359a   0x0800359a   0x00000002   PAD
    0x0800359c   0x0800359c   0x00000014   Code   RO          138    i.NVIC_PriorityGroupConfig  misc.o
    0x080035b0   0x080035b0   0x00000028   Code   RO         3826    i.OLED_Clear        oled.o
    0x080035d8   0x080035d8   0x00000090   Code   RO         3827    i.OLED_ClearArea    oled.o
    0x08003668   0x08003668   0x00000160   Code   RO         3829    i.OLED_DrawCircle   oled.o
    0x080037c8   0x080037c8   0x0000032c   Code   RO         3830    i.OLED_DrawEllipse  oled.o
    0x08003af4   0x08003af4   0x00000050   Code   RO         3832    i.OLED_DrawPoint    oled.o
    0x08003b44   0x08003b44   0x00000060   Code   RO         3835    i.OLED_GPIO_Init    oled.o
    0x08003ba4   0x08003ba4   0x0000003e   Code   RO         3837    i.OLED_I2C_SendByte  oled.o
    0x08003be2   0x08003be2   0x0000001c   Code   RO         3838    i.OLED_I2C_Start    oled.o
    0x08003bfe   0x08003bfe   0x00000016   Code   RO         3839    i.OLED_I2C_Stop     oled.o
    0x08003c14   0x08003c14   0x0000009a   Code   RO         3840    i.OLED_Init         oled.o
    0x08003cae   0x08003cae   0x00000014   Code   RO         3842    i.OLED_Pow          oled.o
    0x08003cc2   0x08003cc2   0x00000032   Code   RO         3843    i.OLED_Printf       oled.o
    0x08003cf4   0x08003cf4   0x00000090   Code   RO         3845    i.OLED_ReverseArea  oled.o
    0x08003d84   0x08003d84   0x00000026   Code   RO         3846    i.OLED_SetCursor    oled.o
    0x08003daa   0x08003daa   0x00000002   PAD
    0x08003dac   0x08003dac   0x00000078   Code   RO         3848    i.OLED_ShowChar     oled.o
    0x08003e24   0x08003e24   0x000000fc   Code   RO         3851    i.OLED_ShowImage    oled.o
    0x08003f20   0x08003f20   0x0000004c   Code   RO         3852    i.OLED_ShowNum      oled.o
    0x08003f6c   0x08003f6c   0x00000110   Code   RO         3854    i.OLED_ShowString   oled.o
    0x0800407c   0x0800407c   0x00000028   Code   RO         3855    i.OLED_Update       oled.o
    0x080040a4   0x080040a4   0x00000018   Code   RO         3857    i.OLED_W_SCL        oled.o
    0x080040bc   0x080040bc   0x00000018   Code   RO         3858    i.OLED_W_SDA        oled.o
    0x080040d4   0x080040d4   0x00000020   Code   RO         3859    i.OLED_WriteCommand  oled.o
    0x080040f4   0x080040f4   0x0000002e   Code   RO         3860    i.OLED_WriteData    oled.o
    0x08004122   0x08004122   0x00000002   PAD
    0x08004124   0x08004124   0x0000000c   Code   RO         1710    i.PWR_BackupAccessCmd  stm32f10x_pwr.o
    0x08004130   0x08004130   0x00000018   Code   RO         4095    i.Peripheral_Init   menu.o
    0x08004148   0x08004148   0x00000018   Code   RO         1773    i.RCC_ADCCLKConfig  stm32f10x_rcc.o
    0x08004160   0x08004160   0x00000020   Code   RO         1775    i.RCC_APB1PeriphClockCmd  stm32f10x_rcc.o
    0x08004180   0x08004180   0x00000020   Code   RO         1777    i.RCC_APB2PeriphClockCmd  stm32f10x_rcc.o
    0x080041a0   0x080041a0   0x0000003c   Code   RO         1786    i.RCC_GetFlagStatus  stm32f10x_rcc.o
    0x080041dc   0x080041dc   0x00000034   Code   RO         1793    i.RCC_LSEConfig     stm32f10x_rcc.o
    0x08004210   0x08004210   0x0000000c   Code   RO         1800    i.RCC_RTCCLKCmd     stm32f10x_rcc.o
    0x0800421c   0x0800421c   0x00000010   Code   RO         1801    i.RCC_RTCCLKConfig  stm32f10x_rcc.o
    0x0800422c   0x0800422c   0x00000014   Code   RO         1978    i.RTC_EnterConfigMode  stm32f10x_rtc.o
    0x08004240   0x08004240   0x00000014   Code   RO         1979    i.RTC_ExitConfigMode  stm32f10x_rtc.o
    0x08004254   0x08004254   0x00000014   Code   RO         1980    i.RTC_GetCounter    stm32f10x_rtc.o
    0x08004268   0x08004268   0x0000001c   Code   RO         1986    i.RTC_SetCounter    stm32f10x_rtc.o
    0x08004284   0x08004284   0x00000020   Code   RO         1987    i.RTC_SetPrescaler  stm32f10x_rtc.o
    0x080042a4   0x080042a4   0x00000014   Code   RO         1988    i.RTC_WaitForLastTask  stm32f10x_rtc.o
    0x080042b8   0x080042b8   0x00000024   Code   RO         1989    i.RTC_WaitForSynchro  stm32f10x_rtc.o
    0x080042dc   0x080042dc   0x0000007c   Code   RO         4340    i.SetDay            settime.o
    0x08004358   0x08004358   0x00000080   Code   RO         4341    i.SetHour           settime.o
    0x080043d8   0x080043d8   0x00000080   Code   RO         4342    i.SetMin            settime.o
    0x08004458   0x08004458   0x00000080   Code   RO         4343    i.SetMonth          settime.o
    0x080044d8   0x080044d8   0x00000080   Code   RO         4344    i.SetSec            settime.o
    0x08004558   0x08004558   0x00000008   Code   RO           24    i.SetSysClock       system_stm32f10x.o
    0x08004560   0x08004560   0x000000e0   Code   RO           25    i.SetSysClockTo72   system_stm32f10x.o
    0x08004640   0x08004640   0x0000017c   Code   RO         4345    i.SetTime           settime.o
    0x080047bc   0x080047bc   0x00000058   Code   RO         4346    i.SetYear           settime.o
    0x08004814   0x08004814   0x00000024   Code   RO         4096    i.Set_Selection     menu.o
    0x08004838   0x08004838   0x000000bc   Code   RO         4097    i.SettingPage       menu.o
    0x080048f4   0x080048f4   0x00000070   Code   RO         4520    i.Show_Barrier      dino.o
    0x08004964   0x08004964   0x0000014c   Code   RO         4098    i.Show_Battery      menu.o
    0x08004ab0   0x08004ab0   0x00000090   Code   RO         4099    i.Show_Clock_UI     menu.o
    0x08004b40   0x08004b40   0x00000024   Code   RO         4521    i.Show_Cloud        dino.o
    0x08004b64   0x08004b64   0x000000fc   Code   RO         4522    i.Show_Dino         dino.o
    0x08004c60   0x08004c60   0x00000114   Code   RO         4100    i.Show_Emoji_UI     menu.o
    0x08004d74   0x08004d74   0x00000030   Code   RO         4101    i.Show_Game_UI      menu.o
    0x08004da4   0x08004da4   0x00000050   Code   RO         4102    i.Show_Gradienter_UI  menu.o
    0x08004df4   0x08004df4   0x0000007c   Code   RO         4523    i.Show_Ground       dino.o
    0x08004e70   0x08004e70   0x00000038   Code   RO         4103    i.Show_LED_UI       menu.o
    0x08004ea8   0x08004ea8   0x00000090   Code   RO         4104    i.Show_MPU6050_UI   menu.o
    0x08004f38   0x08004f38   0x0000001c   Code   RO         4524    i.Show_Score        dino.o
    0x08004f54   0x08004f54   0x0000006c   Code   RO         4347    i.Show_SetTime_FirstUI  settime.o
    0x08004fc0   0x08004fc0   0x00000058   Code   RO         4348    i.Show_SetTime_SecondUI  settime.o
    0x08005018   0x08005018   0x00000034   Code   RO         4105    i.Show_SettingPage_UI  menu.o
    0x0800504c   0x0800504c   0x00000090   Code   RO         4106    i.Show_StopWatch_UI  menu.o
    0x080050dc   0x080050dc   0x00000114   Code   RO         4107    i.StopWatch         menu.o
    0x080051f0   0x080051f0   0x00000078   Code   RO         4108    i.StopWatch_Tick    menu.o
    0x08005268   0x08005268   0x00000034   Code   RO         3620    i.SysTick_Handler   port.o
    0x0800529c   0x0800529c   0x00000060   Code   RO           27    i.SystemInit        system_stm32f10x.o
    0x080052fc   0x080052fc   0x00000004   Code   RO         4675    i.UsageFault_Handler  stm32f10x_it.o
    0x08005300   0x08005300   0x00000028   Code   RO         5069    i.__ARM_fpclassify  m_ws.l(fpclassify.o)
    0x08005328   0x08005328   0x00000388   Code   RO         5012    i.__ieee754_rem_pio2  m_ws.l(rred.o)
    0x080056b0   0x080056b0   0x000000fc   Code   RO         4994    i.__kernel_cos      m_ws.l(cos_i.o)
    0x080057ac   0x080057ac   0x000000aa   Code   RO         5071    i.__kernel_poly     m_ws.l(poly.o)
    0x08005856   0x08005856   0x00000002   PAD
    0x08005858   0x08005858   0x000000ec   Code   RO         5017    i.__kernel_sin      m_ws.l(sin_i.o)
    0x08005944   0x08005944   0x00000006   Code   RO         4998    i.__mathlib_dbl_infnan  m_ws.l(dunder.o)
    0x0800594a   0x0800594a   0x00000004   Code   RO         4999    i.__mathlib_dbl_infnan2  m_ws.l(dunder.o)
    0x0800594e   0x0800594e   0x0000000c   Code   RO         5000    i.__mathlib_dbl_invalid  m_ws.l(dunder.o)
    0x0800595a   0x0800595a   0x00000002   PAD
    0x0800595c   0x0800595c   0x00000010   Code   RO         5003    i.__mathlib_dbl_underflow  m_ws.l(dunder.o)
    0x0800596c   0x0800596c   0x0000000e   Code   RO         4878    i._is_digit         c_w.l(__printf_wp.o)
    0x0800597a   0x0800597a   0x00000002   PAD
    0x0800597c   0x0800597c   0x00000220   Code   RO         4985    i.atan              m_ws.l(atan.o)
    0x08005b9c   0x08005b9c   0x00000180   Code   RO         4800    i.atan2             m_ws.l(atan2.o)
    0x08005d1c   0x08005d1c   0x0000005c   Code   RO         4525    i.isColliding       dino.o
    0x08005d78   0x08005d78   0x00000028   Code   RO         4650    i.main              main.o
    0x08005da0   0x08005da0   0x00000080   Code   RO         3197    i.prvAddCurrentTaskToDelayedList  tasks.o
    0x08005e20   0x08005e20   0x000000b4   Code   RO         3198    i.prvAddNewTaskToReadyList  tasks.o
    0x08005ed4   0x08005ed4   0x00000002   Code   RO         3199    i.prvCheckTasksWaitingTermination  tasks.o
    0x08005ed6   0x08005ed6   0x0000002a   Code   RO         3451    i.prvCopyDataFromQueue  queue.o
    0x08005f00   0x08005f00   0x0000006a   Code   RO         3452    i.prvCopyDataToQueue  queue.o
    0x08005f6a   0x08005f6a   0x00000002   PAD
    0x08005f6c   0x08005f6c   0x0000007c   Code   RO         3702    i.prvHeapInit       heap_4.o
    0x08005fe8   0x08005fe8   0x00000028   Code   RO         3200    i.prvIdleTask       tasks.o
    0x08006010   0x08006010   0x00000026   Code   RO         3453    i.prvInitialiseNewQueue  queue.o
    0x08006036   0x08006036   0x000000b6   Code   RO         3201    i.prvInitialiseNewTask  tasks.o
    0x080060ec   0x080060ec   0x00000054   Code   RO         3202    i.prvInitialiseTaskLists  tasks.o
    0x08006140   0x08006140   0x00000068   Code   RO         3703    i.prvInsertBlockIntoFreeList  heap_4.o
    0x080061a8   0x080061a8   0x0000001a   Code   RO         3454    i.prvIsQueueEmpty   queue.o
    0x080061c2   0x080061c2   0x0000001e   Code   RO         3455    i.prvIsQueueFull    queue.o
    0x080061e0   0x080061e0   0x00000034   Code   RO         3203    i.prvResetNextTaskUnblockTime  tasks.o
    0x08006214   0x08006214   0x00000044   Code   RO         3621    i.prvTaskExitError  port.o
    0x08006258   0x08006258   0x0000007e   Code   RO         3456    i.prvUnlockQueue    queue.o
    0x080062d6   0x080062d6   0x00000002   PAD
    0x080062d8   0x080062d8   0x00000154   Code   RO         3704    i.pvPortMalloc      heap_4.o
    0x0800642c   0x0800642c   0x00000024   Code   RO         3622    i.pxPortInitialiseStack  port.o
    0x08006450   0x08006450   0x000000a0   Code   RO         4810    i.sin               m_ws.l(sin.o)
    0x080064f0   0x080064f0   0x00000028   Code   RO         3574    i.uxListRemove      list.o
    0x08006518   0x08006518   0x00000016   Code   RO         4603    i.vApplicationMallocFailedHook  apptasks.o
    0x0800652e   0x0800652e   0x00000016   Code   RO         4604    i.vApplicationStackOverflowHook  apptasks.o
    0x08006544   0x08006544   0x0000001a   Code   RO         3575    i.vListInitialise   list.o
    0x0800655e   0x0800655e   0x00000006   Code   RO         3576    i.vListInitialiseItem  list.o
    0x08006564   0x08006564   0x00000034   Code   RO         3577    i.vListInsert       list.o
    0x08006598   0x08006598   0x00000018   Code   RO         3578    i.vListInsertEnd    list.o
    0x080065b0   0x080065b0   0x00000058   Code   RO         3624    i.vPortEnterCritical  port.o
    0x08006608   0x08006608   0x00000040   Code   RO         3625    i.vPortExitCritical  port.o
    0x08006648   0x08006648   0x0000009c   Code   RO         3705    i.vPortFree         heap_4.o
    0x080066e4   0x080066e4   0x00000014   Code   RO         3626    i.vPortSetupTimerInterrupt  port.o
    0x080066f8   0x080066f8   0x00000060   Code   RO         3207    i.vTaskDelay        tasks.o
    0x08006758   0x08006758   0x000000e0   Code   RO         3208    i.vTaskDelayUntil   tasks.o
    0x08006838   0x08006838   0x0000000c   Code   RO         3210    i.vTaskMissedYield  tasks.o
    0x08006844   0x08006844   0x0000003c   Code   RO         3212    i.vTaskPlaceOnEventList  tasks.o
    0x08006880   0x08006880   0x00000034   Code   RO         3214    i.vTaskSetTimeOutState  tasks.o
    0x080068b4   0x080068b4   0x0000008c   Code   RO         3215    i.vTaskStartScheduler  tasks.o
    0x08006940   0x08006940   0x00000010   Code   RO         3216    i.vTaskSuspendAll   tasks.o
    0x08006950   0x08006950   0x000000c8   Code   RO         3217    i.vTaskSwitchContext  tasks.o
    0x08006a18   0x08006a18   0x000000a0   Code   RO         3628    i.xPortStartScheduler  port.o
    0x08006ab8   0x08006ab8   0x0000005c   Code   RO         3461    i.xQueueGenericCreate  queue.o
    0x08006b14   0x08006b14   0x000001b0   Code   RO         3462    i.xQueueGenericReceive  queue.o
    0x08006cc4   0x08006cc4   0x0000009c   Code   RO         3463    i.xQueueGenericReset  queue.o
    0x08006d60   0x08006d60   0x000001b8   Code   RO         3464    i.xQueueGenericSend  queue.o
    0x08006f18   0x08006f18   0x0000008c   Code   RO         3218    i.xTaskCheckForTimeOut  tasks.o
    0x08006fa4   0x08006fa4   0x00000060   Code   RO         3219    i.xTaskCreate       tasks.o
    0x08007004   0x08007004   0x00000020   Code   RO         3222    i.xTaskGetSchedulerState  tasks.o
    0x08007024   0x08007024   0x0000000c   Code   RO         3223    i.xTaskGetTickCount  tasks.o
    0x08007030   0x08007030   0x0000014c   Code   RO         3225    i.xTaskIncrementTick  tasks.o
    0x0800717c   0x0800717c   0x0000009c   Code   RO         3228    i.xTaskRemoveFromEventList  tasks.o
    0x08007218   0x08007218   0x00000108   Code   RO         3230    i.xTaskResumeAll    tasks.o
    0x08007320   0x08007320   0x0000002c   Code   RO         5113    locale$$code        c_w.l(lc_numeric_c.o)
    0x0800734c   0x0800734c   0x0000002c   Code   RO         5138    locale$$code        c_w.l(lc_ctype_c.o)
    0x08007378   0x08007378   0x00000062   Code   RO         4741    x$fpl$d2f           fz_ws.l(d2f.o)
    0x080073da   0x080073da   0x00000002   PAD
    0x080073dc   0x080073dc   0x00000150   Code   RO         4743    x$fpl$dadd          fz_ws.l(daddsub_clz.o)
    0x0800752c   0x0800752c   0x00000010   Code   RO         5127    x$fpl$dcheck1       fz_ws.l(dcheck1.o)
    0x0800753c   0x0800753c   0x00000018   Code   RO         4961    x$fpl$dcmpinf       fz_ws.l(dcmpi.o)
    0x08007554   0x08007554   0x000002b0   Code   RO         4750    x$fpl$ddiv          fz_ws.l(ddiv.o)
    0x08007804   0x08007804   0x0000005e   Code   RO         4753    x$fpl$dfix          fz_ws.l(dfix.o)
    0x08007862   0x08007862   0x00000002   PAD
    0x08007864   0x08007864   0x0000005a   Code   RO         4757    x$fpl$dfixu         fz_ws.l(dfixu.o)
    0x080078be   0x080078be   0x0000002e   Code   RO         4762    x$fpl$dflt          fz_ws.l(dflt_clz.o)
    0x080078ec   0x080078ec   0x00000026   Code   RO         4761    x$fpl$dfltu         fz_ws.l(dflt_clz.o)
    0x08007912   0x08007912   0x00000002   PAD
    0x08007914   0x08007914   0x00000078   Code   RO         4767    x$fpl$dleqf         fz_ws.l(dleqf.o)
    0x0800798c   0x0800798c   0x00000154   Code   RO         4769    x$fpl$dmul          fz_ws.l(dmul.o)
    0x08007ae0   0x08007ae0   0x0000009c   Code   RO         4963    x$fpl$dnaninf       fz_ws.l(dnaninf.o)
    0x08007b7c   0x08007b7c   0x0000000c   Code   RO         4965    x$fpl$dretinf       fz_ws.l(dretinf.o)
    0x08007b88   0x08007b88   0x00000016   Code   RO         4744    x$fpl$drsb          fz_ws.l(daddsub_clz.o)
    0x08007b9e   0x08007b9e   0x00000002   PAD
    0x08007ba0   0x08007ba0   0x000001d4   Code   RO         4745    x$fpl$dsub          fz_ws.l(daddsub_clz.o)
    0x08007d74   0x08007d74   0x00000056   Code   RO         4773    x$fpl$f2d           fz_ws.l(f2d.o)
    0x08007dca   0x08007dca   0x00000002   PAD
    0x08007dcc   0x08007dcc   0x000000c4   Code   RO         4775    x$fpl$fadd          fz_ws.l(faddsub_clz.o)
    0x08007e90   0x08007e90   0x00000018   Code   RO         4969    x$fpl$fcmpinf       fz_ws.l(fcmpi.o)
    0x08007ea8   0x08007ea8   0x00000184   Code   RO         4782    x$fpl$fdiv          fz_ws.l(fdiv.o)
    0x0800802c   0x0800802c   0x00000036   Code   RO         4785    x$fpl$ffix          fz_ws.l(ffix.o)
    0x08008062   0x08008062   0x00000002   PAD
    0x08008064   0x08008064   0x00000030   Code   RO         4790    x$fpl$fflt          fz_ws.l(fflt_clz.o)
    0x08008094   0x08008094   0x00000026   Code   RO         4789    x$fpl$ffltu         fz_ws.l(fflt_clz.o)
    0x080080ba   0x080080ba   0x00000002   PAD
    0x080080bc   0x080080bc   0x00000068   Code   RO         4795    x$fpl$fleqf         fz_ws.l(fleqf.o)
    0x08008124   0x08008124   0x00000102   Code   RO         4797    x$fpl$fmul          fz_ws.l(fmul.o)
    0x08008226   0x08008226   0x0000008c   Code   RO         4971    x$fpl$fnaninf       fz_ws.l(fnaninf.o)
    0x080082b2   0x080082b2   0x0000000a   Code   RO         4973    x$fpl$fretinf       fz_ws.l(fretinf.o)
    0x080082bc   0x080082bc   0x000000ea   Code   RO         4777    x$fpl$fsub          fz_ws.l(faddsub_clz.o)
    0x080083a6   0x080083a6   0x00000004   Code   RO         4975    x$fpl$printf1       fz_ws.l(printf1.o)
    0x080083aa   0x080083aa   0x00000004   Code   RO         4977    x$fpl$printf2       fz_ws.l(printf2.o)
    0x080083ae   0x080083ae   0x00000064   Code   RO         5144    x$fpl$retnan        fz_ws.l(retnan.o)
    0x08008412   0x08008412   0x0000005c   Code   RO         5067    x$fpl$scalbn        fz_ws.l(scalbn.o)
    0x0800846e   0x0800846e   0x00000030   Code   RO         5162    x$fpl$trapveneer    fz_ws.l(trapv.o)
    0x0800849e   0x0800849e   0x00000000   Code   RO         4983    x$fpl$usenofp       fz_ws.l(usenofp.o)
    0x0800849e   0x0800849e   0x000021b4   Data   RO         4072    .constdata          oled_data.o
    0x0800a652   0x0800a652   0x00000010   Data   RO         4279    .constdata          encoder.o
    0x0800a662   0x0800a662   0x00000002   PAD
    0x0800a664   0x0800a664   0x00000008   Data   RO         4837    .constdata          c_w.l(_printf_wctomb.o)
    0x0800a66c   0x0800a66c   0x00000028   Data   RO         4866    .constdata          c_w.l(_printf_hex_int_ll_ptr.o)
    0x0800a694   0x0800a694   0x00000011   Data   RO         4886    .constdata          c_w.l(__printf_flags_ss_wp.o)
    0x0800a6a5   0x0800a6a5   0x0000000c   Data   RO         4913    .constdata          c_w.l(_monlen.o)
    0x0800a6b1   0x0800a6b1   0x00000007   PAD
    0x0800a6b8   0x0800a6b8   0x00000098   Data   RO         4986    .constdata          m_ws.l(atan.o)
    0x0800a750   0x0800a750   0x00000030   Data   RO         4995    .constdata          m_ws.l(cos_i.o)
    0x0800a780   0x0800a780   0x00000008   Data   RO         5011    .constdata          m_ws.l(qnan.o)
    0x0800a788   0x0800a788   0x000000c8   Data   RO         5014    .constdata          m_ws.l(rred.o)
    0x0800a850   0x0800a850   0x00000028   Data   RO         5018    .constdata          m_ws.l(sin_i.o)
    0x0800a878   0x0800a878   0x00000026   Data   RO         5050    .constdata          c_w.l(_printf_fp_hex.o)
    0x0800a89e   0x0800a89e   0x00000002   PAD
    0x0800a8a0   0x0800a8a0   0x00000094   Data   RO         5088    .constdata          c_w.l(bigflt0.o)
    0x0800a934   0x0800a934   0x00000020   Data   RO         5209    Region$$Table       anon$$obj.o
    0x0800a954   0x0800a954   0x0000001c   Data   RO         5112    locale$$data        c_w.l(lc_numeric_c.o)
    0x0800a970   0x0800a970   0x00000110   Data   RO         5137    locale$$data        c_w.l(lc_ctype_c.o)


    Execution Region RW_IRAM1 (Exec base: 0x20000000, Load base: 0x0800aa80, Size: 0x00003520, Max: 0x00005000, ABSOLUTE)

    Exec Addr    Load Addr    Size         Type   Attr      Idx    E Section Name        Object

    0x20000000   0x0800aa80   0x00000014   Data   RW           28    .data               system_stm32f10x.o
    0x20000014   0x0800aa94   0x00000038   Data   RW         3232    .data               tasks.o
    0x2000004c   0x0800aacc   0x0000000c   Data   RW         3629    .data               port.o
    0x20000058   0x0800aad8   0x00000018   Data   RW         3710    .data               heap_4.o
    0x20000070   0x0800aaf0   0x00000018   Data   RW         3799    .data               myrtc.o
    0x20000088   0x0800ab08   0x00000064   Data   RW         4109    .data               menu.o
    0x200000ec   0x0800ab6c   0x00000008   Data   RW         4280    .data               encoder.o
    0x200000f4   0x0800ab74   0x00000004   Data   RW         4349    .data               settime.o
    0x200000f8   0x0800ab78   0x00000018   Data   RW         4526    .data               dino.o
    0x20000110        -       0x000000a0   Zero   RW         3231    .bss                tasks.o
    0x200001b0        -       0x00002800   Zero   RW         3709    .bss                heap_4.o
    0x200029b0        -       0x00000400   Zero   RW         3862    .bss                oled.o
    0x20002db0        -       0x000000e4   Zero   RW         4721    .bss                c_w.l(rand.o)
    0x20002e94        -       0x0000002c   Zero   RW         4733    .bss                c_w.l(localtime.o)
    0x20002ec0        -       0x00000060   Zero   RW         5074    .bss                c_w.l(libspace.o)
    0x20002f20        -       0x00000200   Zero   RW            2    HEAP                startup_stm32f10x_md.o
    0x20003120        -       0x00000400   Zero   RW            1    STACK               startup_stm32f10x_md.o


==============================================================================

Image component sizes


      Code (inc. data)   RO Data    RW Data    ZI Data      Debug   Object Name

       196         14          0          0          0        976   ad.o
       260         36          0          0          0       2961   apptasks.o
         0          0          0          0          0       4500   core_cm3.o
       182         24          0          0          0       1769   delay.o
       980        166          0         24          0       5393   dino.o
       468         60         16          8          0       3576   encoder.o
       724         64          0         24      10240       9427   heap_4.o
        92         16          0          0          0       1198   led.o
       148          0          0          0          0       7962   list.o
        40          0          0          0          0        411   main.o
      3998        480          0        100          0      15193   menu.o
        20         10          0          0          0     211083   misc.o
       336          0          0          0          0       2598   mpu6050.o
       344         18          0          0          0       4542   myi2c.o
       262         10          0         24          0       2855   myrtc.o
      2928         68          0          0       1024      14732   oled.o
         0          0       8628          0          0       1494   oled_data.o
       638         66          0         12          0       9496   port.o
      1488         14          0          0          0      11970   queue.o
      1352        140          0          4          0       5537   settime.o
        64         26        236          0       1536        792   startup_stm32f10x_md.o
       394         10          0          0          0      16257   stm32f10x_adc.o
        56         10          0          0          0       1983   stm32f10x_bkp.o
       458          6          0          0          0      12874   stm32f10x_gpio.o
        20          0          0          0          0       2313   stm32f10x_it.o
        12          6          0          0          0        446   stm32f10x_pwr.o
       228         38          0          0          0       3428   stm32f10x_rcc.o
       176         34          0          0          0       3059   stm32f10x_rtc.o
       328         28          0         20          0      10249   system_stm32f10x.o
      2500        322          0         56        160      29632   tasks.o

    ----------------------------------------------------------------------
     18716       1666       8914        272      12960     398706   Object Totals
         0          0         32          0          0          0   (incl. Generated)
        24          0          2          0          0          0   (incl. Padding)

    ----------------------------------------------------------------------

      Code (inc. data)   RO Data    RW Data    ZI Data      Debug   Library Member Name

         8          0          0          0          0         68   __main.o
       392          4         17          0          0         92   __printf_flags_ss_wp.o
        14          0          0          0          0         68   __printf_wp.o
         0          0          0          0          0          0   __rtentry.o
        12          0          0          0          0          0   __rtentry2.o
         6          0          0          0          0          0   __rtentry4.o
        52          8          0          0          0          0   __scatter.o
        26          0          0          0          0          0   __scatter_copy.o
        28          0          0          0          0          0   __scatter_zi.o
         0          0         12          0          0          0   _monlen.o
         6          0          0          0          0          0   _printf_a.o
         6          0          0          0          0          0   _printf_c.o
        44          0          0          0          0        108   _printf_char.o
        48          6          0          0          0         96   _printf_char_common.o
        40          0          0          0          0         68   _printf_charcount.o
         6          0          0          0          0          0   _printf_d.o
       120         16          0          0          0         92   _printf_dec.o
         6          0          0          0          0          0   _printf_e.o
         6          0          0          0          0          0   _printf_f.o
      1054          0          0          0          0        216   _printf_fp_dec.o
       764          8         38          0          0        100   _printf_fp_hex.o
       128         16          0          0          0         84   _printf_fp_infnan.o
         6          0          0          0          0          0   _printf_g.o
       148          4         40          0          0        160   _printf_hex_int_ll_ptr.o
         6          0          0          0          0          0   _printf_i.o
       178          0          0          0          0         88   _printf_intcommon.o
        10          0          0          0          0          0   _printf_l.o
         6          0          0          0          0          0   _printf_lc.o
        10          0          0          0          0          0   _printf_ll.o
         6          0          0          0          0          0   _printf_lld.o
         6          0          0          0          0          0   _printf_lli.o
         6          0          0          0          0          0   _printf_llo.o
         6          0          0          0          0          0   _printf_llu.o
         6          0          0          0          0          0   _printf_llx.o
       124         16          0          0          0         92   _printf_longlong_dec.o
         6          0          0          0          0          0   _printf_ls.o
         6          0          0          0          0          0   _printf_n.o
         6          0          0          0          0          0   _printf_o.o
       112         10          0          0          0        124   _printf_oct_int_ll.o
         6          0          0          0          0          0   _printf_p.o
        78          0          0          0          0        108   _printf_pad.o
         0          0          0          0          0          0   _printf_percent.o
         4          0          0          0          0          0   _printf_percent_end.o
         6          0          0          0          0          0   _printf_s.o
        82          0          0          0          0         80   _printf_str.o
        36          0          0          0          0         84   _printf_truncate.o
         6          0          0          0          0          0   _printf_u.o
        44          0          0          0          0        108   _printf_wchar.o
       188          6          8          0          0         92   _printf_wctomb.o
         6          0          0          0          0          0   _printf_x.o
        22          0          0          0          0        100   _rserrno.o
        10          0          0          0          0         68   _sputc.o
        64          0          0          0          0         92   _wcrtomb.o
        16          0          0          0          0         68   aeabi_memset.o
       228          4        148          0          0         96   bigflt0.o
      1936        128          0          0          0        672   btod.o
        18          0          0          0          0         80   exit.o
         6          0          0          0          0        152   heapauxi.o
         0          0          0          0          0          0   indicate_semi.o
        44         10        272          0          0         76   lc_ctype_c.o
        44         10         28          0          0         76   lc_numeric_c.o
         2          0          0          0          0          0   libinit.o
        34          0          0          0          0          0   libinit2.o
         2          0          0          0          0          0   libshutdown.o
         2          0          0          0          0          0   libshutdown2.o
         8          4          0          0         96         68   libspace.o
       138          0          0          0          0         80   lludiv10.o
        12          6          0          0         44         68   localtime.o
       184          6          0          0          0         80   localtime_internal.o
       428         10          0          0          0        116   mktime.o
       112         18          0          0        228        160   rand.o
        16          4          0          0          0         76   rt_ctype_table.o
         8          4          0          0          0         68   rt_errno_addr_intlibspace.o
         8          4          0          0          0         68   rt_locale_intlibspace.o
        68          0          0          0          0         68   rt_memclr.o
        78          0          0          0          0         80   rt_memclr_w.o
       138          0          0          0          0         68   rt_memcpy_v6.o
       100          0          0          0          0         80   rt_memcpy_w.o
         2          0          0          0          0          0   rtexit.o
        10          0          0          0          0          0   rtexit2.o
       128          0          0          0          0         68   strcmpv7m.o
        12          4          0          0          0         68   sys_exit.o
        74          0          0          0          0         80   sys_stackheap_outer.o
         2          0          0          0          0         68   use_no_semi.o
        36          4          0          0          0         76   vsprintf.o
        98          4          0          0          0         92   d2f.o
       826         16          0          0          0        348   daddsub_clz.o
        16          4          0          0          0         68   dcheck1.o
        24          0          0          0          0         68   dcmpi.o
       688        140          0          0          0        208   ddiv.o
        94          4          0          0          0         92   dfix.o
        90          4          0          0          0         92   dfixu.o
        84          0          0          0          0        136   dflt_clz.o
       120          4          0          0          0         92   dleqf.o
       340         12          0          0          0        104   dmul.o
       156          4          0          0          0         92   dnaninf.o
        12          0          0          0          0         68   dretinf.o
        86          4          0          0          0         84   f2d.o
       430          8          0          0          0        168   faddsub_clz.o
        24          0          0          0          0         68   fcmpi.o
       388         76          0          0          0         96   fdiv.o
        54          4          0          0          0         84   ffix.o
        86          0          0          0          0        136   fflt_clz.o
       104          4          0          0          0         84   fleqf.o
       258          4          0          0          0         84   fmul.o
       140          4          0          0          0         84   fnaninf.o
        10          0          0          0          0         68   fretinf.o
         4          0          0          0          0         68   printf1.o
         4          0          0          0          0         68   printf2.o
       100          0          0          0          0         68   retnan.o
        92          0          0          0          0         68   scalbn.o
        48          0          0          0          0         68   trapv.o
         0          0          0          0          0          0   usenofp.o
       544         70        152          0          0        124   atan.o
       384         38          0          0          0        144   atan2.o
       252         22         48          0          0        124   cos_i.o
        38          6          0          0          0        272   dunder.o
        40          0          0          0          0         68   fpclassify.o
       170          0          0          0          0         96   poly.o
         0          0          8          0          0          0   qnan.o
       904         76        200          0          0        140   rred.o
       160         10          0          0          0        108   sin.o
       236         12         40          0          0        128   sin_i.o

    ----------------------------------------------------------------------
     14998        840       1020          0        368       8808   Library Totals
        34          0          9          0          0          0   (incl. Padding)

    ----------------------------------------------------------------------

      Code (inc. data)   RO Data    RW Data    ZI Data      Debug   Library Name

      7860        310        563          0        368       4848   c_w.l
      4376        296          0          0          0       2756   fz_ws.l
      2728        234        448          0          0       1204   m_ws.l

    ----------------------------------------------------------------------
     14998        840       1020          0        368       8808   Library Totals

    ----------------------------------------------------------------------

==============================================================================


      Code (inc. data)   RO Data    RW Data    ZI Data      Debug   

     33714       2506       9934        272      13328     392586   Grand Totals
     33714       2506       9934        272      13328     392586   ELF Image Totals
     33714       2506       9934        272          0          0   ROM Totals

==============================================================================

    Total RO  Size (Code + RO Data)                43648 (  42.63kB)
    Total RW  Size (RW Data + ZI Data)             13600 (  13.28kB)
    Total ROM Size (Code + RO Data + RW Data)      43920 (  42.89kB)

==============================================================================

